
Running 23 tests using 4 workers

  ✘   3 [chromium] › tests/e2e/core.spec.ts:32:7 › Public Pages › Login page mounts form correctly (2ms)
  ✘   4 [chromium] › tests/e2e/core.spec.ts:39:7 › Public Pages › Register page mounts with tier selector (1ms)
  ✘   2 [chromium] › tests/e2e/core.spec.ts:27:7 › Public Pages › Pricing section is visible on the landing page (3ms)
  ✘   1 [chromium] › tests/e2e/core.spec.ts:22:7 › Public Pages › Landing page renders the NexSchool brand (1ms)
  ✘   5 [chromium] › tests/e2e/core.spec.ts:47:7 › Public Pages › Pricing CTA correctly routes to /register with tier param (1ms)
  ✘   6 [chromium] › tests/e2e/core.spec.ts:73:9 › Auth Guard — Unauthenticated Blocking › Unauthenticated: /dashboard → redirects to /login (1ms)
  ✘   7 [chromium] › tests/e2e/core.spec.ts:73:9 › Auth Guard — Unauthenticated Blocking › Unauthenticated: /dashboard/attendance → redirects to /login (1ms)
  ✘   8 [chromium] › tests/e2e/core.spec.ts:73:9 › Auth Guard — Unauthenticated Blocking › Unauthenticated: /dashboard/students → redirects to /login (1ms)
  ✘   9 [chromium] › tests/e2e/core.spec.ts:73:9 › Auth Guard — Unauthenticated Blocking › Unauthenticated: /dashboard/fees → redirects to /login (1ms)
  ✘  10 [chromium] › tests/e2e/core.spec.ts:73:9 › Auth Guard — Unauthenticated Blocking › Unauthenticated: /dashboard/hostel → redirects to /login (2ms)
  ✘  11 [chromium] › tests/e2e/core.spec.ts:73:9 › Auth Guard — Unauthenticated Blocking › Unauthenticated: /billing → redirects to /login (1ms)
  ✘  12 [chromium] › tests/e2e/core.spec.ts:73:9 › Auth Guard — Unauthenticated Blocking › Unauthenticated: /saas → redirects to /login (2ms)
  ✘  13 [chromium] › tests/e2e/core.spec.ts:90:7 › RBAC — Teacher cannot access Admin-only routes › Teacher is blocked from /saas (SaaS control plane) (1ms)
  ✘  14 [chromium] › tests/e2e/core.spec.ts:97:7 › RBAC — Teacher cannot access Admin-only routes › Teacher is blocked from /billing (subscription management) (2ms)
  ✘  15 [chromium] › tests/e2e/core.spec.ts:114:7 › Admin Dashboard — Core Module Integrity › Admin reaches dashboard after login (2ms)
  ✘  16 [chromium] › tests/e2e/core.spec.ts:119:7 › Admin Dashboard — Core Module Integrity › Student Management page mounts without crashing (1ms)
  ✘  17 [chromium] › tests/e2e/core.spec.ts:128:7 › Admin Dashboard — Core Module Integrity › Hostel Management page mounts correctly (1ms)
  ✘  18 [chromium] › tests/e2e/core.spec.ts:136:7 › Admin Dashboard — Core Module Integrity › Hostel tab navigation works correctly (1ms)
  ✘  19 [chromium] › tests/e2e/core.spec.ts:143:7 › Admin Dashboard — Core Module Integrity › Attendance page mounts without crashing (1ms)
  ✘  20 [chromium] › tests/e2e/core.spec.ts:148:7 › Admin Dashboard — Core Module Integrity › AI Copilot FAB button is rendered on dashboard (2ms)
  ✘  21 [chromium] › tests/e2e/core.spec.ts:155:7 › Admin Dashboard — Core Module Integrity › NexBot chat window toggles open on click (1ms)
  ✘  22 [chromium] › tests/e2e/core.spec.ts:169:7 › Onboarding Funnel — SaaS Signup Flow › Register form step 1 validates and advances (1ms)
  ✘  23 [chromium] › tests/e2e/core.spec.ts:181:7 › Onboarding Funnel — SaaS Signup Flow › Register form step 2 back button returns to step 1 (1ms)


  1) [chromium] › tests/e2e/core.spec.ts:22:7 › Public Pages › Landing page renders the NexSchool brand 

    Error: browserType.launch: Target page, context or browser has been closed
    Browser logs:

    <launching> /Users/adityashrivastava/Library/Caches/ms-playwright/chromium_headless_shell-1217/chrome-headless-shell-mac-arm64/chrome-headless-shell --disable-field-trial-config --disable-background-networking --disable-background-timer-throttling --disable-backgrounding-occluded-windows --disable-back-forward-cache --disable-breakpad --disable-client-side-phishing-detection --disable-component-extensions-with-background-pages --disable-component-update --no-default-browser-check --disable-default-apps --disable-dev-shm-usage --disable-extensions --disable-features=AvoidUnnecessaryBeforeUnloadCheckSync,BoundaryEventDispatchTracksNodeRemoval,DestroyProfileOnBrowserClose,DialMediaRouteProvider,GlobalMediaControls,HttpsUpgrades,LensOverlay,MediaRouter,PaintHolding,ThirdPartyStoragePartitioning,Translate,AutoDeElevate,RenderDocument,OptimizationHints --enable-features=CDPScreenshotNewSurface --allow-pre-commit-input --disable-hang-monitor --disable-ipc-flooding-protection --disable-popup-blocking --disable-prompt-on-repost --disable-renderer-backgrounding --force-color-profile=srgb --metrics-recording-only --no-first-run --password-store=basic --use-mock-keychain --no-service-autorun --export-tagged-pdf --disable-search-engine-choice-screen --unsafely-disable-devtools-self-xss-warnings --edge-skip-compat-layer-relaunch --enable-automation --disable-infobars --disable-search-engine-choice-screen --disable-sync --enable-unsafe-swiftshader --headless --hide-scrollbars --mute-audio --blink-settings=primaryHoverType=2,availableHoverTypes=2,primaryPointerType=4,availablePointerTypes=4 --no-sandbox --user-data-dir=/var/folders/t0/66ygccxn41b7lrvfjptp3k540000gn/T/playwright_chromiumdev_profile-8eowYC --remote-debugging-pipe --no-startup-window
    <launched> pid=96893
    [pid=96893][err] [0415/003956.406160:FATAL:base/apple/mach_port_rendezvous_mac.cc:159] Check failed: kr == KERN_SUCCESS. bootstrap_check_in org.chromium.Chromium.MachPortRendezvousServer.96893: Permission denied (1100)
    [pid=96893] <process did exit: exitCode=null, signal=SIGTRAP>
    [pid=96893] starting temporary directories cleanup
    Call log:
    [2m  - <launching> /Users/adityashrivastava/Library/Caches/ms-playwright/chromium_headless_shell-1217/chrome-headless-shell-mac-arm64/chrome-headless-shell --disable-field-trial-config --disable-background-networking --disable-background-timer-throttling --disable-backgrounding-occluded-windows --disable-back-forward-cache --disable-breakpad --disable-client-side-phishing-detection --disable-component-extensions-with-background-pages --disable-component-update --no-default-browser-check --disable-default-apps --disable-dev-shm-usage --disable-extensions --disable-features=AvoidUnnecessaryBeforeUnloadCheckSync,BoundaryEventDispatchTracksNodeRemoval,DestroyProfileOnBrowserClose,DialMediaRouteProvider,GlobalMediaControls,HttpsUpgrades,LensOverlay,MediaRouter,PaintHolding,ThirdPartyStoragePartitioning,Translate,AutoDeElevate,RenderDocument,OptimizationHints --enable-features=CDPScreenshotNewSurface --allow-pre-commit-input --disable-hang-monitor --disable-ipc-flooding-protection --disable-popup-blocking --disable-prompt-on-repost --disable-renderer-backgrounding --force-color-profile=srgb --metrics-recording-only --no-first-run --password-store=basic --use-mock-keychain --no-service-autorun --export-tagged-pdf --disable-search-engine-choice-screen --unsafely-disable-devtools-self-xss-warnings --edge-skip-compat-layer-relaunch --enable-automation --disable-infobars --disable-search-engine-choice-screen --disable-sync --enable-unsafe-swiftshader --headless --hide-scrollbars --mute-audio --blink-settings=primaryHoverType=2,availableHoverTypes=2,primaryPointerType=4,availablePointerTypes=4 --no-sandbox --user-data-dir=/var/folders/t0/66ygccxn41b7lrvfjptp3k540000gn/T/playwright_chromiumdev_profile-8eowYC --remote-debugging-pipe --no-startup-window[22m
    [2m  - <launched> pid=96893[22m
    [2m  - [pid=96893][err] [0415/003956.406160:FATAL:base/apple/mach_port_rendezvous_mac.cc:159] Check failed: kr == KERN_SUCCESS. bootstrap_check_in org.chromium.Chromium.MachPortRendezvousServer.96893: Permission denied (1100)[22m
    [2m  - [pid=96893] <process did exit: exitCode=null, signal=SIGTRAP>[22m
    [2m  - [pid=96893] starting temporary directories cleanup[22m
    [2m  - [pid=96893] <gracefully close start>[22m
    [2m  - [pid=96893] <kill>[22m
    [2m  - [pid=96893] <skipped force kill spawnedProcess.killed=false processClosed=true>[22m
    [2m  - [pid=96893] finished temporary directories cleanup[22m
    [2m  - [pid=96893] <gracefully close end>[22m


    Error Context: test-results/core-Public-Pages-Landing-page-renders-the-NexSchool-brand-chromium/error-context.md

  2) [chromium] › tests/e2e/core.spec.ts:27:7 › Public Pages › Pricing section is visible on the landing page 

    Error: browserType.launch: Target page, context or browser has been closed
    Browser logs:

    <launching> /Users/adityashrivastava/Library/Caches/ms-playwright/chromium_headless_shell-1217/chrome-headless-shell-mac-arm64/chrome-headless-shell --disable-field-trial-config --disable-background-networking --disable-background-timer-throttling --disable-backgrounding-occluded-windows --disable-back-forward-cache --disable-breakpad --disable-client-side-phishing-detection --disable-component-extensions-with-background-pages --disable-component-update --no-default-browser-check --disable-default-apps --disable-dev-shm-usage --disable-extensions --disable-features=AvoidUnnecessaryBeforeUnloadCheckSync,BoundaryEventDispatchTracksNodeRemoval,DestroyProfileOnBrowserClose,DialMediaRouteProvider,GlobalMediaControls,HttpsUpgrades,LensOverlay,MediaRouter,PaintHolding,ThirdPartyStoragePartitioning,Translate,AutoDeElevate,RenderDocument,OptimizationHints --enable-features=CDPScreenshotNewSurface --allow-pre-commit-input --disable-hang-monitor --disable-ipc-flooding-protection --disable-popup-blocking --disable-prompt-on-repost --disable-renderer-backgrounding --force-color-profile=srgb --metrics-recording-only --no-first-run --password-store=basic --use-mock-keychain --no-service-autorun --export-tagged-pdf --disable-search-engine-choice-screen --unsafely-disable-devtools-self-xss-warnings --edge-skip-compat-layer-relaunch --enable-automation --disable-infobars --disable-search-engine-choice-screen --disable-sync --enable-unsafe-swiftshader --headless --hide-scrollbars --mute-audio --blink-settings=primaryHoverType=2,availableHoverTypes=2,primaryPointerType=4,availablePointerTypes=4 --no-sandbox --user-data-dir=/var/folders/t0/66ygccxn41b7lrvfjptp3k540000gn/T/playwright_chromiumdev_profile-2WvmPc --remote-debugging-pipe --no-startup-window
    <launched> pid=96894
    [pid=96894][err] [0415/003956.406157:FATAL:base/apple/mach_port_rendezvous_mac.cc:159] Check failed: kr == KERN_SUCCESS. bootstrap_check_in org.chromium.Chromium.MachPortRendezvousServer.96894: Permission denied (1100)
    [pid=96894] <process did exit: exitCode=null, signal=SIGTRAP>
    [pid=96894] starting temporary directories cleanup
    Call log:
    [2m  - <launching> /Users/adityashrivastava/Library/Caches/ms-playwright/chromium_headless_shell-1217/chrome-headless-shell-mac-arm64/chrome-headless-shell --disable-field-trial-config --disable-background-networking --disable-background-timer-throttling --disable-backgrounding-occluded-windows --disable-back-forward-cache --disable-breakpad --disable-client-side-phishing-detection --disable-component-extensions-with-background-pages --disable-component-update --no-default-browser-check --disable-default-apps --disable-dev-shm-usage --disable-extensions --disable-features=AvoidUnnecessaryBeforeUnloadCheckSync,BoundaryEventDispatchTracksNodeRemoval,DestroyProfileOnBrowserClose,DialMediaRouteProvider,GlobalMediaControls,HttpsUpgrades,LensOverlay,MediaRouter,PaintHolding,ThirdPartyStoragePartitioning,Translate,AutoDeElevate,RenderDocument,OptimizationHints --enable-features=CDPScreenshotNewSurface --allow-pre-commit-input --disable-hang-monitor --disable-ipc-flooding-protection --disable-popup-blocking --disable-prompt-on-repost --disable-renderer-backgrounding --force-color-profile=srgb --metrics-recording-only --no-first-run --password-store=basic --use-mock-keychain --no-service-autorun --export-tagged-pdf --disable-search-engine-choice-screen --unsafely-disable-devtools-self-xss-warnings --edge-skip-compat-layer-relaunch --enable-automation --disable-infobars --disable-search-engine-choice-screen --disable-sync --enable-unsafe-swiftshader --headless --hide-scrollbars --mute-audio --blink-settings=primaryHoverType=2,availableHoverTypes=2,primaryPointerType=4,availablePointerTypes=4 --no-sandbox --user-data-dir=/var/folders/t0/66ygccxn41b7lrvfjptp3k540000gn/T/playwright_chromiumdev_profile-2WvmPc --remote-debugging-pipe --no-startup-window[22m
    [2m  - <launched> pid=96894[22m
    [2m  - [pid=96894][err] [0415/003956.406157:FATAL:base/apple/mach_port_rendezvous_mac.cc:159] Check failed: kr == KERN_SUCCESS. bootstrap_check_in org.chromium.Chromium.MachPortRendezvousServer.96894: Permission denied (1100)[22m
    [2m  - [pid=96894] <process did exit: exitCode=null, signal=SIGTRAP>[22m
    [2m  - [pid=96894] starting temporary directories cleanup[22m
    [2m  - [pid=96894] <gracefully close start>[22m
    [2m  - [pid=96894] <kill>[22m
    [2m  - [pid=96894] <skipped force kill spawnedProcess.killed=false processClosed=true>[22m
    [2m  - [pid=96894] finished temporary directories cleanup[22m
    [2m  - [pid=96894] <gracefully close end>[22m


    Error Context: test-results/core-Public-Pages-Pricing--bf099-visible-on-the-landing-page-chromium/error-context.md

  3) [chromium] › tests/e2e/core.spec.ts:32:7 › Public Pages › Login page mounts form correctly ────

    Error: browserType.launch: Target page, context or browser has been closed
    Browser logs:

    <launching> /Users/adityashrivastava/Library/Caches/ms-playwright/chromium_headless_shell-1217/chrome-headless-shell-mac-arm64/chrome-headless-shell --disable-field-trial-config --disable-background-networking --disable-background-timer-throttling --disable-backgrounding-occluded-windows --disable-back-forward-cache --disable-breakpad --disable-client-side-phishing-detection --disable-component-extensions-with-background-pages --disable-component-update --no-default-browser-check --disable-default-apps --disable-dev-shm-usage --disable-extensions --disable-features=AvoidUnnecessaryBeforeUnloadCheckSync,BoundaryEventDispatchTracksNodeRemoval,DestroyProfileOnBrowserClose,DialMediaRouteProvider,GlobalMediaControls,HttpsUpgrades,LensOverlay,MediaRouter,PaintHolding,ThirdPartyStoragePartitioning,Translate,AutoDeElevate,RenderDocument,OptimizationHints --enable-features=CDPScreenshotNewSurface --allow-pre-commit-input --disable-hang-monitor --disable-ipc-flooding-protection --disable-popup-blocking --disable-prompt-on-repost --disable-renderer-backgrounding --force-color-profile=srgb --metrics-recording-only --no-first-run --password-store=basic --use-mock-keychain --no-service-autorun --export-tagged-pdf --disable-search-engine-choice-screen --unsafely-disable-devtools-self-xss-warnings --edge-skip-compat-layer-relaunch --enable-automation --disable-infobars --disable-search-engine-choice-screen --disable-sync --enable-unsafe-swiftshader --headless --hide-scrollbars --mute-audio --blink-settings=primaryHoverType=2,availableHoverTypes=2,primaryPointerType=4,availablePointerTypes=4 --no-sandbox --user-data-dir=/var/folders/t0/66ygccxn41b7lrvfjptp3k540000gn/T/playwright_chromiumdev_profile-Kl32Ly --remote-debugging-pipe --no-startup-window
    <launched> pid=96895
    [pid=96895][err] [0415/003956.406162:FATAL:base/apple/mach_port_rendezvous_mac.cc:159] Check failed: kr == KERN_SUCCESS. bootstrap_check_in org.chromium.Chromium.MachPortRendezvousServer.96895: Permission denied (1100)
    Call log:
    [2m  - <launching> /Users/adityashrivastava/Library/Caches/ms-playwright/chromium_headless_shell-1217/chrome-headless-shell-mac-arm64/chrome-headless-shell --disable-field-trial-config --disable-background-networking --disable-background-timer-throttling --disable-backgrounding-occluded-windows --disable-back-forward-cache --disable-breakpad --disable-client-side-phishing-detection --disable-component-extensions-with-background-pages --disable-component-update --no-default-browser-check --disable-default-apps --disable-dev-shm-usage --disable-extensions --disable-features=AvoidUnnecessaryBeforeUnloadCheckSync,BoundaryEventDispatchTracksNodeRemoval,DestroyProfileOnBrowserClose,DialMediaRouteProvider,GlobalMediaControls,HttpsUpgrades,LensOverlay,MediaRouter,PaintHolding,ThirdPartyStoragePartitioning,Translate,AutoDeElevate,RenderDocument,OptimizationHints --enable-features=CDPScreenshotNewSurface --allow-pre-commit-input --disable-hang-monitor --disable-ipc-flooding-protection --disable-popup-blocking --disable-prompt-on-repost --disable-renderer-backgrounding --force-color-profile=srgb --metrics-recording-only --no-first-run --password-store=basic --use-mock-keychain --no-service-autorun --export-tagged-pdf --disable-search-engine-choice-screen --unsafely-disable-devtools-self-xss-warnings --edge-skip-compat-layer-relaunch --enable-automation --disable-infobars --disable-search-engine-choice-screen --disable-sync --enable-unsafe-swiftshader --headless --hide-scrollbars --mute-audio --blink-settings=primaryHoverType=2,availableHoverTypes=2,primaryPointerType=4,availablePointerTypes=4 --no-sandbox --user-data-dir=/var/folders/t0/66ygccxn41b7lrvfjptp3k540000gn/T/playwright_chromiumdev_profile-Kl32Ly --remote-debugging-pipe --no-startup-window[22m
    [2m  - <launched> pid=96895[22m
    [2m  - [pid=96895][err] [0415/003956.406162:FATAL:base/apple/mach_port_rendezvous_mac.cc:159] Check failed: kr == KERN_SUCCESS. bootstrap_check_in org.chromium.Chromium.MachPortRendezvousServer.96895: Permission denied (1100)[22m
    [2m  - [pid=96895] <gracefully close start>[22m
    [2m  - [pid=96895] <kill>[22m
    [2m  - [pid=96895] <will force kill>[22m
    [2m  - [pid=96895] exception while trying to kill process: Error: kill EPERM[22m
    [2m  - [pid=96895] <process did exit: exitCode=null, signal=SIGTRAP>[22m
    [2m  - [pid=96895] starting temporary directories cleanup[22m
    [2m  - [pid=96895] finished temporary directories cleanup[22m
    [2m  - [pid=96895] <gracefully close end>[22m


    Error Context: test-results/core-Public-Pages-Login-page-mounts-form-correctly-chromium/error-context.md

  4) [chromium] › tests/e2e/core.spec.ts:39:7 › Public Pages › Register page mounts with tier selector 

    Error: browserType.launch: Target page, context or browser has been closed
    Browser logs:

    <launching> /Users/adityashrivastava/Library/Caches/ms-playwright/chromium_headless_shell-1217/chrome-headless-shell-mac-arm64/chrome-headless-shell --disable-field-trial-config --disable-background-networking --disable-background-timer-throttling --disable-backgrounding-occluded-windows --disable-back-forward-cache --disable-breakpad --disable-client-side-phishing-detection --disable-component-extensions-with-background-pages --disable-component-update --no-default-browser-check --disable-default-apps --disable-dev-shm-usage --disable-extensions --disable-features=AvoidUnnecessaryBeforeUnloadCheckSync,BoundaryEventDispatchTracksNodeRemoval,DestroyProfileOnBrowserClose,DialMediaRouteProvider,GlobalMediaControls,HttpsUpgrades,LensOverlay,MediaRouter,PaintHolding,ThirdPartyStoragePartitioning,Translate,AutoDeElevate,RenderDocument,OptimizationHints --enable-features=CDPScreenshotNewSurface --allow-pre-commit-input --disable-hang-monitor --disable-ipc-flooding-protection --disable-popup-blocking --disable-prompt-on-repost --disable-renderer-backgrounding --force-color-profile=srgb --metrics-recording-only --no-first-run --password-store=basic --use-mock-keychain --no-service-autorun --export-tagged-pdf --disable-search-engine-choice-screen --unsafely-disable-devtools-self-xss-warnings --edge-skip-compat-layer-relaunch --enable-automation --disable-infobars --disable-search-engine-choice-screen --disable-sync --enable-unsafe-swiftshader --headless --hide-scrollbars --mute-audio --blink-settings=primaryHoverType=2,availableHoverTypes=2,primaryPointerType=4,availablePointerTypes=4 --no-sandbox --user-data-dir=/var/folders/t0/66ygccxn41b7lrvfjptp3k540000gn/T/playwright_chromiumdev_profile-Wfbgk0 --remote-debugging-pipe --no-startup-window
    <launched> pid=96896
    [pid=96896][err] [0415/003956.406184:FATAL:base/apple/mach_port_rendezvous_mac.cc:159] Check failed: kr == KERN_SUCCESS. bootstrap_check_in org.chromium.Chromium.MachPortRendezvousServer.96896: Permission denied (1100)
    Call log:
    [2m  - <launching> /Users/adityashrivastava/Library/Caches/ms-playwright/chromium_headless_shell-1217/chrome-headless-shell-mac-arm64/chrome-headless-shell --disable-field-trial-config --disable-background-networking --disable-background-timer-throttling --disable-backgrounding-occluded-windows --disable-back-forward-cache --disable-breakpad --disable-client-side-phishing-detection --disable-component-extensions-with-background-pages --disable-component-update --no-default-browser-check --disable-default-apps --disable-dev-shm-usage --disable-extensions --disable-features=AvoidUnnecessaryBeforeUnloadCheckSync,BoundaryEventDispatchTracksNodeRemoval,DestroyProfileOnBrowserClose,DialMediaRouteProvider,GlobalMediaControls,HttpsUpgrades,LensOverlay,MediaRouter,PaintHolding,ThirdPartyStoragePartitioning,Translate,AutoDeElevate,RenderDocument,OptimizationHints --enable-features=CDPScreenshotNewSurface --allow-pre-commit-input --disable-hang-monitor --disable-ipc-flooding-protection --disable-popup-blocking --disable-prompt-on-repost --disable-renderer-backgrounding --force-color-profile=srgb --metrics-recording-only --no-first-run --password-store=basic --use-mock-keychain --no-service-autorun --export-tagged-pdf --disable-search-engine-choice-screen --unsafely-disable-devtools-self-xss-warnings --edge-skip-compat-layer-relaunch --enable-automation --disable-infobars --disable-search-engine-choice-screen --disable-sync --enable-unsafe-swiftshader --headless --hide-scrollbars --mute-audio --blink-settings=primaryHoverType=2,availableHoverTypes=2,primaryPointerType=4,availablePointerTypes=4 --no-sandbox --user-data-dir=/var/folders/t0/66ygccxn41b7lrvfjptp3k540000gn/T/playwright_chromiumdev_profile-Wfbgk0 --remote-debugging-pipe --no-startup-window[22m
    [2m  - <launched> pid=96896[22m
    [2m  - [pid=96896][err] [0415/003956.406184:FATAL:base/apple/mach_port_rendezvous_mac.cc:159] Check failed: kr == KERN_SUCCESS. bootstrap_check_in org.chromium.Chromium.MachPortRendezvousServer.96896: Permission denied (1100)[22m
    [2m  - [pid=96896] <gracefully close start>[22m
    [2m  - [pid=96896] <kill>[22m
    [2m  - [pid=96896] <will force kill>[22m
    [2m  - [pid=96896] exception while trying to kill process: Error: kill EPERM[22m
    [2m  - [pid=96896] <process did exit: exitCode=null, signal=SIGTRAP>[22m
    [2m  - [pid=96896] starting temporary directories cleanup[22m
    [2m  - [pid=96896] finished temporary directories cleanup[22m
    [2m  - [pid=96896] <gracefully close end>[22m


    Error Context: test-results/core-Public-Pages-Register-page-mounts-with-tier-selector-chromium/error-context.md

  5) [chromium] › tests/e2e/core.spec.ts:47:7 › Public Pages › Pricing CTA correctly routes to /register with tier param 

    Error: browserType.launch: Target page, context or browser has been closed
    Browser logs:

    <launching> /Users/adityashrivastava/Library/Caches/ms-playwright/chromium_headless_shell-1217/chrome-headless-shell-mac-arm64/chrome-headless-shell --disable-field-trial-config --disable-background-networking --disable-background-timer-throttling --disable-backgrounding-occluded-windows --disable-back-forward-cache --disable-breakpad --disable-client-side-phishing-detection --disable-component-extensions-with-background-pages --disable-component-update --no-default-browser-check --disable-default-apps --disable-dev-shm-usage --disable-extensions --disable-features=AvoidUnnecessaryBeforeUnloadCheckSync,BoundaryEventDispatchTracksNodeRemoval,DestroyProfileOnBrowserClose,DialMediaRouteProvider,GlobalMediaControls,HttpsUpgrades,LensOverlay,MediaRouter,PaintHolding,ThirdPartyStoragePartitioning,Translate,AutoDeElevate,RenderDocument,OptimizationHints --enable-features=CDPScreenshotNewSurface --allow-pre-commit-input --disable-hang-monitor --disable-ipc-flooding-protection --disable-popup-blocking --disable-prompt-on-repost --disable-renderer-backgrounding --force-color-profile=srgb --metrics-recording-only --no-first-run --password-store=basic --use-mock-keychain --no-service-autorun --export-tagged-pdf --disable-search-engine-choice-screen --unsafely-disable-devtools-self-xss-warnings --edge-skip-compat-layer-relaunch --enable-automation --disable-infobars --disable-search-engine-choice-screen --disable-sync --enable-unsafe-swiftshader --headless --hide-scrollbars --mute-audio --blink-settings=primaryHoverType=2,availableHoverTypes=2,primaryPointerType=4,availablePointerTypes=4 --no-sandbox --user-data-dir=/var/folders/t0/66ygccxn41b7lrvfjptp3k540000gn/T/playwright_chromiumdev_profile-jIqSdb --remote-debugging-pipe --no-startup-window
    <launched> pid=96917
    [pid=96917][err] [0415/003957.535883:FATAL:base/apple/mach_port_rendezvous_mac.cc:159] Check failed: kr == KERN_SUCCESS. bootstrap_check_in org.chromium.Chromium.MachPortRendezvousServer.96917: Permission denied (1100)
    [pid=96917] <process did exit: exitCode=null, signal=SIGTRAP>
    [pid=96917] starting temporary directories cleanup
    Call log:
    [2m  - <launching> /Users/adityashrivastava/Library/Caches/ms-playwright/chromium_headless_shell-1217/chrome-headless-shell-mac-arm64/chrome-headless-shell --disable-field-trial-config --disable-background-networking --disable-background-timer-throttling --disable-backgrounding-occluded-windows --disable-back-forward-cache --disable-breakpad --disable-client-side-phishing-detection --disable-component-extensions-with-background-pages --disable-component-update --no-default-browser-check --disable-default-apps --disable-dev-shm-usage --disable-extensions --disable-features=AvoidUnnecessaryBeforeUnloadCheckSync,BoundaryEventDispatchTracksNodeRemoval,DestroyProfileOnBrowserClose,DialMediaRouteProvider,GlobalMediaControls,HttpsUpgrades,LensOverlay,MediaRouter,PaintHolding,ThirdPartyStoragePartitioning,Translate,AutoDeElevate,RenderDocument,OptimizationHints --enable-features=CDPScreenshotNewSurface --allow-pre-commit-input --disable-hang-monitor --disable-ipc-flooding-protection --disable-popup-blocking --disable-prompt-on-repost --disable-renderer-backgrounding --force-color-profile=srgb --metrics-recording-only --no-first-run --password-store=basic --use-mock-keychain --no-service-autorun --export-tagged-pdf --disable-search-engine-choice-screen --unsafely-disable-devtools-self-xss-warnings --edge-skip-compat-layer-relaunch --enable-automation --disable-infobars --disable-search-engine-choice-screen --disable-sync --enable-unsafe-swiftshader --headless --hide-scrollbars --mute-audio --blink-settings=primaryHoverType=2,availableHoverTypes=2,primaryPointerType=4,availablePointerTypes=4 --no-sandbox --user-data-dir=/var/folders/t0/66ygccxn41b7lrvfjptp3k540000gn/T/playwright_chromiumdev_profile-jIqSdb --remote-debugging-pipe --no-startup-window[22m
    [2m  - <launched> pid=96917[22m
    [2m  - [pid=96917][err] [0415/003957.535883:FATAL:base/apple/mach_port_rendezvous_mac.cc:159] Check failed: kr == KERN_SUCCESS. bootstrap_check_in org.chromium.Chromium.MachPortRendezvousServer.96917: Permission denied (1100)[22m
    [2m  - [pid=96917] <process did exit: exitCode=null, signal=SIGTRAP>[22m
    [2m  - [pid=96917] starting temporary directories cleanup[22m
    [2m  - [pid=96917] <gracefully close start>[22m
    [2m  - [pid=96917] <kill>[22m
    [2m  - [pid=96917] <skipped force kill spawnedProcess.killed=false processClosed=true>[22m
    [2m  - [pid=96917] finished temporary directories cleanup[22m
    [2m  - [pid=96917] <gracefully close end>[22m


    Error Context: test-results/core-Public-Pages-Pricing--25bc6-to-register-with-tier-param-chromium/error-context.md

  6) [chromium] › tests/e2e/core.spec.ts:73:9 › Auth Guard — Unauthenticated Blocking › Unauthenticated: /dashboard → redirects to /login 

    Error: browserType.launch: Target page, context or browser has been closed
    Browser logs:

    <launching> /Users/adityashrivastava/Library/Caches/ms-playwright/chromium_headless_shell-1217/chrome-headless-shell-mac-arm64/chrome-headless-shell --disable-field-trial-config --disable-background-networking --disable-background-timer-throttling --disable-backgrounding-occluded-windows --disable-back-forward-cache --disable-breakpad --disable-client-side-phishing-detection --disable-component-extensions-with-background-pages --disable-component-update --no-default-browser-check --disable-default-apps --disable-dev-shm-usage --disable-extensions --disable-features=AvoidUnnecessaryBeforeUnloadCheckSync,BoundaryEventDispatchTracksNodeRemoval,DestroyProfileOnBrowserClose,DialMediaRouteProvider,GlobalMediaControls,HttpsUpgrades,LensOverlay,MediaRouter,PaintHolding,ThirdPartyStoragePartitioning,Translate,AutoDeElevate,RenderDocument,OptimizationHints --enable-features=CDPScreenshotNewSurface --allow-pre-commit-input --disable-hang-monitor --disable-ipc-flooding-protection --disable-popup-blocking --disable-prompt-on-repost --disable-renderer-backgrounding --force-color-profile=srgb --metrics-recording-only --no-first-run --password-store=basic --use-mock-keychain --no-service-autorun --export-tagged-pdf --disable-search-engine-choice-screen --unsafely-disable-devtools-self-xss-warnings --edge-skip-compat-layer-relaunch --enable-automation --disable-infobars --disable-search-engine-choice-screen --disable-sync --enable-unsafe-swiftshader --headless --hide-scrollbars --mute-audio --blink-settings=primaryHoverType=2,availableHoverTypes=2,primaryPointerType=4,availablePointerTypes=4 --no-sandbox --user-data-dir=/var/folders/t0/66ygccxn41b7lrvfjptp3k540000gn/T/playwright_chromiumdev_profile-6tqZ45 --remote-debugging-pipe --no-startup-window
    <launched> pid=96919
    [pid=96919][err] [0415/003957.939141:FATAL:base/apple/mach_port_rendezvous_mac.cc:159] Check failed: kr == KERN_SUCCESS. bootstrap_check_in org.chromium.Chromium.MachPortRendezvousServer.96919: Permission denied (1100)
    Call log:
    [2m  - <launching> /Users/adityashrivastava/Library/Caches/ms-playwright/chromium_headless_shell-1217/chrome-headless-shell-mac-arm64/chrome-headless-shell --disable-field-trial-config --disable-background-networking --disable-background-timer-throttling --disable-backgrounding-occluded-windows --disable-back-forward-cache --disable-breakpad --disable-client-side-phishing-detection --disable-component-extensions-with-background-pages --disable-component-update --no-default-browser-check --disable-default-apps --disable-dev-shm-usage --disable-extensions --disable-features=AvoidUnnecessaryBeforeUnloadCheckSync,BoundaryEventDispatchTracksNodeRemoval,DestroyProfileOnBrowserClose,DialMediaRouteProvider,GlobalMediaControls,HttpsUpgrades,LensOverlay,MediaRouter,PaintHolding,ThirdPartyStoragePartitioning,Translate,AutoDeElevate,RenderDocument,OptimizationHints --enable-features=CDPScreenshotNewSurface --allow-pre-commit-input --disable-hang-monitor --disable-ipc-flooding-protection --disable-popup-blocking --disable-prompt-on-repost --disable-renderer-backgrounding --force-color-profile=srgb --metrics-recording-only --no-first-run --password-store=basic --use-mock-keychain --no-service-autorun --export-tagged-pdf --disable-search-engine-choice-screen --unsafely-disable-devtools-self-xss-warnings --edge-skip-compat-layer-relaunch --enable-automation --disable-infobars --disable-search-engine-choice-screen --disable-sync --enable-unsafe-swiftshader --headless --hide-scrollbars --mute-audio --blink-settings=primaryHoverType=2,availableHoverTypes=2,primaryPointerType=4,availablePointerTypes=4 --no-sandbox --user-data-dir=/var/folders/t0/66ygccxn41b7lrvfjptp3k540000gn/T/playwright_chromiumdev_profile-6tqZ45 --remote-debugging-pipe --no-startup-window[22m
    [2m  - <launched> pid=96919[22m
    [2m  - [pid=96919][err] [0415/003957.939141:FATAL:base/apple/mach_port_rendezvous_mac.cc:159] Check failed: kr == KERN_SUCCESS. bootstrap_check_in org.chromium.Chromium.MachPortRendezvousServer.96919: Permission denied (1100)[22m
    [2m  - [pid=96919] <gracefully close start>[22m
    [2m  - [pid=96919] <kill>[22m
    [2m  - [pid=96919] <will force kill>[22m
    [2m  - [pid=96919] exception while trying to kill process: Error: kill EPERM[22m
    [2m  - [pid=96919] <process did exit: exitCode=null, signal=SIGTRAP>[22m
    [2m  - [pid=96919] starting temporary directories cleanup[22m
    [2m  - [pid=96919] finished temporary directories cleanup[22m
    [2m  - [pid=96919] <gracefully close end>[22m


    Error Context: test-results/core-Auth-Guard-—-Unauthen-bf0db-hboard-→-redirects-to-login-chromium/error-context.md

  7) [chromium] › tests/e2e/core.spec.ts:73:9 › Auth Guard — Unauthenticated Blocking › Unauthenticated: /dashboard/attendance → redirects to /login 

    Error: browserType.launch: Target page, context or browser has been closed
    Browser logs:

    <launching> /Users/adityashrivastava/Library/Caches/ms-playwright/chromium_headless_shell-1217/chrome-headless-shell-mac-arm64/chrome-headless-shell --disable-field-trial-config --disable-background-networking --disable-background-timer-throttling --disable-backgrounding-occluded-windows --disable-back-forward-cache --disable-breakpad --disable-client-side-phishing-detection --disable-component-extensions-with-background-pages --disable-component-update --no-default-browser-check --disable-default-apps --disable-dev-shm-usage --disable-extensions --disable-features=AvoidUnnecessaryBeforeUnloadCheckSync,BoundaryEventDispatchTracksNodeRemoval,DestroyProfileOnBrowserClose,DialMediaRouteProvider,GlobalMediaControls,HttpsUpgrades,LensOverlay,MediaRouter,PaintHolding,ThirdPartyStoragePartitioning,Translate,AutoDeElevate,RenderDocument,OptimizationHints --enable-features=CDPScreenshotNewSurface --allow-pre-commit-input --disable-hang-monitor --disable-ipc-flooding-protection --disable-popup-blocking --disable-prompt-on-repost --disable-renderer-backgrounding --force-color-profile=srgb --metrics-recording-only --no-first-run --password-store=basic --use-mock-keychain --no-service-autorun --export-tagged-pdf --disable-search-engine-choice-screen --unsafely-disable-devtools-self-xss-warnings --edge-skip-compat-layer-relaunch --enable-automation --disable-infobars --disable-search-engine-choice-screen --disable-sync --enable-unsafe-swiftshader --headless --hide-scrollbars --mute-audio --blink-settings=primaryHoverType=2,availableHoverTypes=2,primaryPointerType=4,availablePointerTypes=4 --no-sandbox --user-data-dir=/var/folders/t0/66ygccxn41b7lrvfjptp3k540000gn/T/playwright_chromiumdev_profile-Ec6Orq --remote-debugging-pipe --no-startup-window
    <launched> pid=96922
    [pid=96922][err] [0415/003958.373053:FATAL:base/apple/mach_port_rendezvous_mac.cc:159] Check failed: kr == KERN_SUCCESS. bootstrap_check_in org.chromium.Chromium.MachPortRendezvousServer.96922: Permission denied (1100)
    Call log:
    [2m  - <launching> /Users/adityashrivastava/Library/Caches/ms-playwright/chromium_headless_shell-1217/chrome-headless-shell-mac-arm64/chrome-headless-shell --disable-field-trial-config --disable-background-networking --disable-background-timer-throttling --disable-backgrounding-occluded-windows --disable-back-forward-cache --disable-breakpad --disable-client-side-phishing-detection --disable-component-extensions-with-background-pages --disable-component-update --no-default-browser-check --disable-default-apps --disable-dev-shm-usage --disable-extensions --disable-features=AvoidUnnecessaryBeforeUnloadCheckSync,BoundaryEventDispatchTracksNodeRemoval,DestroyProfileOnBrowserClose,DialMediaRouteProvider,GlobalMediaControls,HttpsUpgrades,LensOverlay,MediaRouter,PaintHolding,ThirdPartyStoragePartitioning,Translate,AutoDeElevate,RenderDocument,OptimizationHints --enable-features=CDPScreenshotNewSurface --allow-pre-commit-input --disable-hang-monitor --disable-ipc-flooding-protection --disable-popup-blocking --disable-prompt-on-repost --disable-renderer-backgrounding --force-color-profile=srgb --metrics-recording-only --no-first-run --password-store=basic --use-mock-keychain --no-service-autorun --export-tagged-pdf --disable-search-engine-choice-screen --unsafely-disable-devtools-self-xss-warnings --edge-skip-compat-layer-relaunch --enable-automation --disable-infobars --disable-search-engine-choice-screen --disable-sync --enable-unsafe-swiftshader --headless --hide-scrollbars --mute-audio --blink-settings=primaryHoverType=2,availableHoverTypes=2,primaryPointerType=4,availablePointerTypes=4 --no-sandbox --user-data-dir=/var/folders/t0/66ygccxn41b7lrvfjptp3k540000gn/T/playwright_chromiumdev_profile-Ec6Orq --remote-debugging-pipe --no-startup-window[22m
    [2m  - <launched> pid=96922[22m
    [2m  - [pid=96922][err] [0415/003958.373053:FATAL:base/apple/mach_port_rendezvous_mac.cc:159] Check failed: kr == KERN_SUCCESS. bootstrap_check_in org.chromium.Chromium.MachPortRendezvousServer.96922: Permission denied (1100)[22m
    [2m  - [pid=96922] <gracefully close start>[22m
    [2m  - [pid=96922] <kill>[22m
    [2m  - [pid=96922] <will force kill>[22m
    [2m  - [pid=96922] exception while trying to kill process: Error: kill EPERM[22m
    [2m  - [pid=96922] <process did exit: exitCode=null, signal=SIGTRAP>[22m
    [2m  - [pid=96922] starting temporary directories cleanup[22m
    [2m  - [pid=96922] finished temporary directories cleanup[22m
    [2m  - [pid=96922] <gracefully close end>[22m


    Error Context: test-results/core-Auth-Guard-—-Unauthen-e3358-ndance-→-redirects-to-login-chromium/error-context.md

  8) [chromium] › tests/e2e/core.spec.ts:73:9 › Auth Guard — Unauthenticated Blocking › Unauthenticated: /dashboard/students → redirects to /login 

    Error: browserType.launch: Target page, context or browser has been closed
    Browser logs:

    <launching> /Users/adityashrivastava/Library/Caches/ms-playwright/chromium_headless_shell-1217/chrome-headless-shell-mac-arm64/chrome-headless-shell --disable-field-trial-config --disable-background-networking --disable-background-timer-throttling --disable-backgrounding-occluded-windows --disable-back-forward-cache --disable-breakpad --disable-client-side-phishing-detection --disable-component-extensions-with-background-pages --disable-component-update --no-default-browser-check --disable-default-apps --disable-dev-shm-usage --disable-extensions --disable-features=AvoidUnnecessaryBeforeUnloadCheckSync,BoundaryEventDispatchTracksNodeRemoval,DestroyProfileOnBrowserClose,DialMediaRouteProvider,GlobalMediaControls,HttpsUpgrades,LensOverlay,MediaRouter,PaintHolding,ThirdPartyStoragePartitioning,Translate,AutoDeElevate,RenderDocument,OptimizationHints --enable-features=CDPScreenshotNewSurface --allow-pre-commit-input --disable-hang-monitor --disable-ipc-flooding-protection --disable-popup-blocking --disable-prompt-on-repost --disable-renderer-backgrounding --force-color-profile=srgb --metrics-recording-only --no-first-run --password-store=basic --use-mock-keychain --no-service-autorun --export-tagged-pdf --disable-search-engine-choice-screen --unsafely-disable-devtools-self-xss-warnings --edge-skip-compat-layer-relaunch --enable-automation --disable-infobars --disable-search-engine-choice-screen --disable-sync --enable-unsafe-swiftshader --headless --hide-scrollbars --mute-audio --blink-settings=primaryHoverType=2,availableHoverTypes=2,primaryPointerType=4,availablePointerTypes=4 --no-sandbox --user-data-dir=/var/folders/t0/66ygccxn41b7lrvfjptp3k540000gn/T/playwright_chromiumdev_profile-m34oNL --remote-debugging-pipe --no-startup-window
    <launched> pid=96927
    [pid=96927][err] [0415/003958.738146:FATAL:base/apple/mach_port_rendezvous_mac.cc:159] Check failed: kr == KERN_SUCCESS. bootstrap_check_in org.chromium.Chromium.MachPortRendezvousServer.96927: Permission denied (1100)
    [pid=96927] <process did exit: exitCode=null, signal=SIGTRAP>
    [pid=96927] starting temporary directories cleanup
    Call log:
    [2m  - <launching> /Users/adityashrivastava/Library/Caches/ms-playwright/chromium_headless_shell-1217/chrome-headless-shell-mac-arm64/chrome-headless-shell --disable-field-trial-config --disable-background-networking --disable-background-timer-throttling --disable-backgrounding-occluded-windows --disable-back-forward-cache --disable-breakpad --disable-client-side-phishing-detection --disable-component-extensions-with-background-pages --disable-component-update --no-default-browser-check --disable-default-apps --disable-dev-shm-usage --disable-extensions --disable-features=AvoidUnnecessaryBeforeUnloadCheckSync,BoundaryEventDispatchTracksNodeRemoval,DestroyProfileOnBrowserClose,DialMediaRouteProvider,GlobalMediaControls,HttpsUpgrades,LensOverlay,MediaRouter,PaintHolding,ThirdPartyStoragePartitioning,Translate,AutoDeElevate,RenderDocument,OptimizationHints --enable-features=CDPScreenshotNewSurface --allow-pre-commit-input --disable-hang-monitor --disable-ipc-flooding-protection --disable-popup-blocking --disable-prompt-on-repost --disable-renderer-backgrounding --force-color-profile=srgb --metrics-recording-only --no-first-run --password-store=basic --use-mock-keychain --no-service-autorun --export-tagged-pdf --disable-search-engine-choice-screen --unsafely-disable-devtools-self-xss-warnings --edge-skip-compat-layer-relaunch --enable-automation --disable-infobars --disable-search-engine-choice-screen --disable-sync --enable-unsafe-swiftshader --headless --hide-scrollbars --mute-audio --blink-settings=primaryHoverType=2,availableHoverTypes=2,primaryPointerType=4,availablePointerTypes=4 --no-sandbox --user-data-dir=/var/folders/t0/66ygccxn41b7lrvfjptp3k540000gn/T/playwright_chromiumdev_profile-m34oNL --remote-debugging-pipe --no-startup-window[22m
    [2m  - <launched> pid=96927[22m
    [2m  - [pid=96927][err] [0415/003958.738146:FATAL:base/apple/mach_port_rendezvous_mac.cc:159] Check failed: kr == KERN_SUCCESS. bootstrap_check_in org.chromium.Chromium.MachPortRendezvousServer.96927: Permission denied (1100)[22m
    [2m  - [pid=96927] <process did exit: exitCode=null, signal=SIGTRAP>[22m
    [2m  - [pid=96927] starting temporary directories cleanup[22m
    [2m  - [pid=96927] <gracefully close start>[22m
    [2m  - [pid=96927] <kill>[22m
    [2m  - [pid=96927] <skipped force kill spawnedProcess.killed=false processClosed=true>[22m
    [2m  - [pid=96927] finished temporary directories cleanup[22m
    [2m  - [pid=96927] <gracefully close end>[22m


    Error Context: test-results/core-Auth-Guard-—-Unauthen-bcee7-udents-→-redirects-to-login-chromium/error-context.md

  9) [chromium] › tests/e2e/core.spec.ts:73:9 › Auth Guard — Unauthenticated Blocking › Unauthenticated: /dashboard/fees → redirects to /login 

    Error: browserType.launch: Target page, context or browser has been closed
    Browser logs:

    <launching> /Users/adityashrivastava/Library/Caches/ms-playwright/chromium_headless_shell-1217/chrome-headless-shell-mac-arm64/chrome-headless-shell --disable-field-trial-config --disable-background-networking --disable-background-timer-throttling --disable-backgrounding-occluded-windows --disable-back-forward-cache --disable-breakpad --disable-client-side-phishing-detection --disable-component-extensions-with-background-pages --disable-component-update --no-default-browser-check --disable-default-apps --disable-dev-shm-usage --disable-extensions --disable-features=AvoidUnnecessaryBeforeUnloadCheckSync,BoundaryEventDispatchTracksNodeRemoval,DestroyProfileOnBrowserClose,DialMediaRouteProvider,GlobalMediaControls,HttpsUpgrades,LensOverlay,MediaRouter,PaintHolding,ThirdPartyStoragePartitioning,Translate,AutoDeElevate,RenderDocument,OptimizationHints --enable-features=CDPScreenshotNewSurface --allow-pre-commit-input --disable-hang-monitor --disable-ipc-flooding-protection --disable-popup-blocking --disable-prompt-on-repost --disable-renderer-backgrounding --force-color-profile=srgb --metrics-recording-only --no-first-run --password-store=basic --use-mock-keychain --no-service-autorun --export-tagged-pdf --disable-search-engine-choice-screen --unsafely-disable-devtools-self-xss-warnings --edge-skip-compat-layer-relaunch --enable-automation --disable-infobars --disable-search-engine-choice-screen --disable-sync --enable-unsafe-swiftshader --headless --hide-scrollbars --mute-audio --blink-settings=primaryHoverType=2,availableHoverTypes=2,primaryPointerType=4,availablePointerTypes=4 --no-sandbox --user-data-dir=/var/folders/t0/66ygccxn41b7lrvfjptp3k540000gn/T/playwright_chromiumdev_profile-PJuSN6 --remote-debugging-pipe --no-startup-window
    <launched> pid=96931
    [pid=96931][err] [0415/003959.224543:FATAL:base/apple/mach_port_rendezvous_mac.cc:159] Check failed: kr == KERN_SUCCESS. bootstrap_check_in org.chromium.Chromium.MachPortRendezvousServer.96931: Permission denied (1100)
    [pid=96931] <process did exit: exitCode=null, signal=SIGTRAP>
    [pid=96931] starting temporary directories cleanup
    Call log:
    [2m  - <launching> /Users/adityashrivastava/Library/Caches/ms-playwright/chromium_headless_shell-1217/chrome-headless-shell-mac-arm64/chrome-headless-shell --disable-field-trial-config --disable-background-networking --disable-background-timer-throttling --disable-backgrounding-occluded-windows --disable-back-forward-cache --disable-breakpad --disable-client-side-phishing-detection --disable-component-extensions-with-background-pages --disable-component-update --no-default-browser-check --disable-default-apps --disable-dev-shm-usage --disable-extensions --disable-features=AvoidUnnecessaryBeforeUnloadCheckSync,BoundaryEventDispatchTracksNodeRemoval,DestroyProfileOnBrowserClose,DialMediaRouteProvider,GlobalMediaControls,HttpsUpgrades,LensOverlay,MediaRouter,PaintHolding,ThirdPartyStoragePartitioning,Translate,AutoDeElevate,RenderDocument,OptimizationHints --enable-features=CDPScreenshotNewSurface --allow-pre-commit-input --disable-hang-monitor --disable-ipc-flooding-protection --disable-popup-blocking --disable-prompt-on-repost --disable-renderer-backgrounding --force-color-profile=srgb --metrics-recording-only --no-first-run --password-store=basic --use-mock-keychain --no-service-autorun --export-tagged-pdf --disable-search-engine-choice-screen --unsafely-disable-devtools-self-xss-warnings --edge-skip-compat-layer-relaunch --enable-automation --disable-infobars --disable-search-engine-choice-screen --disable-sync --enable-unsafe-swiftshader --headless --hide-scrollbars --mute-audio --blink-settings=primaryHoverType=2,availableHoverTypes=2,primaryPointerType=4,availablePointerTypes=4 --no-sandbox --user-data-dir=/var/folders/t0/66ygccxn41b7lrvfjptp3k540000gn/T/playwright_chromiumdev_profile-PJuSN6 --remote-debugging-pipe --no-startup-window[22m
    [2m  - <launched> pid=96931[22m
    [2m  - [pid=96931][err] [0415/003959.224543:FATAL:base/apple/mach_port_rendezvous_mac.cc:159] Check failed: kr == KERN_SUCCESS. bootstrap_check_in org.chromium.Chromium.MachPortRendezvousServer.96931: Permission denied (1100)[22m
    [2m  - [pid=96931] <process did exit: exitCode=null, signal=SIGTRAP>[22m
    [2m  - [pid=96931] starting temporary directories cleanup[22m
    [2m  - [pid=96931] <gracefully close start>[22m
    [2m  - [pid=96931] <kill>[22m
    [2m  - [pid=96931] <skipped force kill spawnedProcess.killed=false processClosed=true>[22m
    [2m  - [pid=96931] finished temporary directories cleanup[22m
    [2m  - [pid=96931] <gracefully close end>[22m


    Error Context: test-results/core-Auth-Guard-—-Unauthen-a4452-d-fees-→-redirects-to-login-chromium/error-context.md

  10) [chromium] › tests/e2e/core.spec.ts:73:9 › Auth Guard — Unauthenticated Blocking › Unauthenticated: /dashboard/hostel → redirects to /login 

    Error: browserType.launch: Target page, context or browser has been closed
    Browser logs:

    <launching> /Users/adityashrivastava/Library/Caches/ms-playwright/chromium_headless_shell-1217/chrome-headless-shell-mac-arm64/chrome-headless-shell --disable-field-trial-config --disable-background-networking --disable-background-timer-throttling --disable-backgrounding-occluded-windows --disable-back-forward-cache --disable-breakpad --disable-client-side-phishing-detection --disable-component-extensions-with-background-pages --disable-component-update --no-default-browser-check --disable-default-apps --disable-dev-shm-usage --disable-extensions --disable-features=AvoidUnnecessaryBeforeUnloadCheckSync,BoundaryEventDispatchTracksNodeRemoval,DestroyProfileOnBrowserClose,DialMediaRouteProvider,GlobalMediaControls,HttpsUpgrades,LensOverlay,MediaRouter,PaintHolding,ThirdPartyStoragePartitioning,Translate,AutoDeElevate,RenderDocument,OptimizationHints --enable-features=CDPScreenshotNewSurface --allow-pre-commit-input --disable-hang-monitor --disable-ipc-flooding-protection --disable-popup-blocking --disable-prompt-on-repost --disable-renderer-backgrounding --force-color-profile=srgb --metrics-recording-only --no-first-run --password-store=basic --use-mock-keychain --no-service-autorun --export-tagged-pdf --disable-search-engine-choice-screen --unsafely-disable-devtools-self-xss-warnings --edge-skip-compat-layer-relaunch --enable-automation --disable-infobars --disable-search-engine-choice-screen --disable-sync --enable-unsafe-swiftshader --headless --hide-scrollbars --mute-audio --blink-settings=primaryHoverType=2,availableHoverTypes=2,primaryPointerType=4,availablePointerTypes=4 --no-sandbox --user-data-dir=/var/folders/t0/66ygccxn41b7lrvfjptp3k540000gn/T/playwright_chromiumdev_profile-xNH0E0 --remote-debugging-pipe --no-startup-window
    <launched> pid=96937
    [pid=96937][err] [0415/003959.649746:FATAL:base/apple/mach_port_rendezvous_mac.cc:159] Check failed: kr == KERN_SUCCESS. bootstrap_check_in org.chromium.Chromium.MachPortRendezvousServer.96937: Permission denied (1100)
    Call log:
    [2m  - <launching> /Users/adityashrivastava/Library/Caches/ms-playwright/chromium_headless_shell-1217/chrome-headless-shell-mac-arm64/chrome-headless-shell --disable-field-trial-config --disable-background-networking --disable-background-timer-throttling --disable-backgrounding-occluded-windows --disable-back-forward-cache --disable-breakpad --disable-client-side-phishing-detection --disable-component-extensions-with-background-pages --disable-component-update --no-default-browser-check --disable-default-apps --disable-dev-shm-usage --disable-extensions --disable-features=AvoidUnnecessaryBeforeUnloadCheckSync,BoundaryEventDispatchTracksNodeRemoval,DestroyProfileOnBrowserClose,DialMediaRouteProvider,GlobalMediaControls,HttpsUpgrades,LensOverlay,MediaRouter,PaintHolding,ThirdPartyStoragePartitioning,Translate,AutoDeElevate,RenderDocument,OptimizationHints --enable-features=CDPScreenshotNewSurface --allow-pre-commit-input --disable-hang-monitor --disable-ipc-flooding-protection --disable-popup-blocking --disable-prompt-on-repost --disable-renderer-backgrounding --force-color-profile=srgb --metrics-recording-only --no-first-run --password-store=basic --use-mock-keychain --no-service-autorun --export-tagged-pdf --disable-search-engine-choice-screen --unsafely-disable-devtools-self-xss-warnings --edge-skip-compat-layer-relaunch --enable-automation --disable-infobars --disable-search-engine-choice-screen --disable-sync --enable-unsafe-swiftshader --headless --hide-scrollbars --mute-audio --blink-settings=primaryHoverType=2,availableHoverTypes=2,primaryPointerType=4,availablePointerTypes=4 --no-sandbox --user-data-dir=/var/folders/t0/66ygccxn41b7lrvfjptp3k540000gn/T/playwright_chromiumdev_profile-xNH0E0 --remote-debugging-pipe --no-startup-window[22m
    [2m  - <launched> pid=96937[22m
    [2m  - [pid=96937][err] [0415/003959.649746:FATAL:base/apple/mach_port_rendezvous_mac.cc:159] Check failed: kr == KERN_SUCCESS. bootstrap_check_in org.chromium.Chromium.MachPortRendezvousServer.96937: Permission denied (1100)[22m
    [2m  - [pid=96937] <gracefully close start>[22m
    [2m  - [pid=96937] <kill>[22m
    [2m  - [pid=96937] <will force kill>[22m
    [2m  - [pid=96937] exception while trying to kill process: Error: kill EPERM[22m
    [2m  - [pid=96937] <process did exit: exitCode=null, signal=SIGTRAP>[22m
    [2m  - [pid=96937] starting temporary directories cleanup[22m
    [2m  - [pid=96937] finished temporary directories cleanup[22m
    [2m  - [pid=96937] <gracefully close end>[22m


    Error Context: test-results/core-Auth-Guard-—-Unauthen-56ff9-hostel-→-redirects-to-login-chromium/error-context.md

  11) [chromium] › tests/e2e/core.spec.ts:73:9 › Auth Guard — Unauthenticated Blocking › Unauthenticated: /billing → redirects to /login 

    Error: browserType.launch: Target page, context or browser has been closed
    Browser logs:

    <launching> /Users/adityashrivastava/Library/Caches/ms-playwright/chromium_headless_shell-1217/chrome-headless-shell-mac-arm64/chrome-headless-shell --disable-field-trial-config --disable-background-networking --disable-background-timer-throttling --disable-backgrounding-occluded-windows --disable-back-forward-cache --disable-breakpad --disable-client-side-phishing-detection --disable-component-extensions-with-background-pages --disable-component-update --no-default-browser-check --disable-default-apps --disable-dev-shm-usage --disable-extensions --disable-features=AvoidUnnecessaryBeforeUnloadCheckSync,BoundaryEventDispatchTracksNodeRemoval,DestroyProfileOnBrowserClose,DialMediaRouteProvider,GlobalMediaControls,HttpsUpgrades,LensOverlay,MediaRouter,PaintHolding,ThirdPartyStoragePartitioning,Translate,AutoDeElevate,RenderDocument,OptimizationHints --enable-features=CDPScreenshotNewSurface --allow-pre-commit-input --disable-hang-monitor --disable-ipc-flooding-protection --disable-popup-blocking --disable-prompt-on-repost --disable-renderer-backgrounding --force-color-profile=srgb --metrics-recording-only --no-first-run --password-store=basic --use-mock-keychain --no-service-autorun --export-tagged-pdf --disable-search-engine-choice-screen --unsafely-disable-devtools-self-xss-warnings --edge-skip-compat-layer-relaunch --enable-automation --disable-infobars --disable-search-engine-choice-screen --disable-sync --enable-unsafe-swiftshader --headless --hide-scrollbars --mute-audio --blink-settings=primaryHoverType=2,availableHoverTypes=2,primaryPointerType=4,availablePointerTypes=4 --no-sandbox --user-data-dir=/var/folders/t0/66ygccxn41b7lrvfjptp3k540000gn/T/playwright_chromiumdev_profile-zctEfM --remote-debugging-pipe --no-startup-window
    <launched> pid=96941
    [pid=96941][err] [0415/004000.253556:FATAL:base/apple/mach_port_rendezvous_mac.cc:159] Check failed: kr == KERN_SUCCESS. bootstrap_check_in org.chromium.Chromium.MachPortRendezvousServer.96941: Permission denied (1100)
    Call log:
    [2m  - <launching> /Users/adityashrivastava/Library/Caches/ms-playwright/chromium_headless_shell-1217/chrome-headless-shell-mac-arm64/chrome-headless-shell --disable-field-trial-config --disable-background-networking --disable-background-timer-throttling --disable-backgrounding-occluded-windows --disable-back-forward-cache --disable-breakpad --disable-client-side-phishing-detection --disable-component-extensions-with-background-pages --disable-component-update --no-default-browser-check --disable-default-apps --disable-dev-shm-usage --disable-extensions --disable-features=AvoidUnnecessaryBeforeUnloadCheckSync,BoundaryEventDispatchTracksNodeRemoval,DestroyProfileOnBrowserClose,DialMediaRouteProvider,GlobalMediaControls,HttpsUpgrades,LensOverlay,MediaRouter,PaintHolding,ThirdPartyStoragePartitioning,Translate,AutoDeElevate,RenderDocument,OptimizationHints --enable-features=CDPScreenshotNewSurface --allow-pre-commit-input --disable-hang-monitor --disable-ipc-flooding-protection --disable-popup-blocking --disable-prompt-on-repost --disable-renderer-backgrounding --force-color-profile=srgb --metrics-recording-only --no-first-run --password-store=basic --use-mock-keychain --no-service-autorun --export-tagged-pdf --disable-search-engine-choice-screen --unsafely-disable-devtools-self-xss-warnings --edge-skip-compat-layer-relaunch --enable-automation --disable-infobars --disable-search-engine-choice-screen --disable-sync --enable-unsafe-swiftshader --headless --hide-scrollbars --mute-audio --blink-settings=primaryHoverType=2,availableHoverTypes=2,primaryPointerType=4,availablePointerTypes=4 --no-sandbox --user-data-dir=/var/folders/t0/66ygccxn41b7lrvfjptp3k540000gn/T/playwright_chromiumdev_profile-zctEfM --remote-debugging-pipe --no-startup-window[22m
    [2m  - <launched> pid=96941[22m
    [2m  - [pid=96941][err] [0415/004000.253556:FATAL:base/apple/mach_port_rendezvous_mac.cc:159] Check failed: kr == KERN_SUCCESS. bootstrap_check_in org.chromium.Chromium.MachPortRendezvousServer.96941: Permission denied (1100)[22m
    [2m  - [pid=96941] <gracefully close start>[22m
    [2m  - [pid=96941] <kill>[22m
    [2m  - [pid=96941] <will force kill>[22m
    [2m  - [pid=96941] exception while trying to kill process: Error: kill EPERM[22m
    [2m  - [pid=96941] <process did exit: exitCode=null, signal=SIGTRAP>[22m
    [2m  - [pid=96941] starting temporary directories cleanup[22m
    [2m  - [pid=96941] finished temporary directories cleanup[22m
    [2m  - [pid=96941] <gracefully close end>[22m


    Error Context: test-results/core-Auth-Guard-—-Unauthen-e429c-illing-→-redirects-to-login-chromium/error-context.md

  12) [chromium] › tests/e2e/core.spec.ts:73:9 › Auth Guard — Unauthenticated Blocking › Unauthenticated: /saas → redirects to /login 

    Error: browserType.launch: Target page, context or browser has been closed
    Browser logs:

    <launching> /Users/adityashrivastava/Library/Caches/ms-playwright/chromium_headless_shell-1217/chrome-headless-shell-mac-arm64/chrome-headless-shell --disable-field-trial-config --disable-background-networking --disable-background-timer-throttling --disable-backgrounding-occluded-windows --disable-back-forward-cache --disable-breakpad --disable-client-side-phishing-detection --disable-component-extensions-with-background-pages --disable-component-update --no-default-browser-check --disable-default-apps --disable-dev-shm-usage --disable-extensions --disable-features=AvoidUnnecessaryBeforeUnloadCheckSync,BoundaryEventDispatchTracksNodeRemoval,DestroyProfileOnBrowserClose,DialMediaRouteProvider,GlobalMediaControls,HttpsUpgrades,LensOverlay,MediaRouter,PaintHolding,ThirdPartyStoragePartitioning,Translate,AutoDeElevate,RenderDocument,OptimizationHints --enable-features=CDPScreenshotNewSurface --allow-pre-commit-input --disable-hang-monitor --disable-ipc-flooding-protection --disable-popup-blocking --disable-prompt-on-repost --disable-renderer-backgrounding --force-color-profile=srgb --metrics-recording-only --no-first-run --password-store=basic --use-mock-keychain --no-service-autorun --export-tagged-pdf --disable-search-engine-choice-screen --unsafely-disable-devtools-self-xss-warnings --edge-skip-compat-layer-relaunch --enable-automation --disable-infobars --disable-search-engine-choice-screen --disable-sync --enable-unsafe-swiftshader --headless --hide-scrollbars --mute-audio --blink-settings=primaryHoverType=2,availableHoverTypes=2,primaryPointerType=4,availablePointerTypes=4 --no-sandbox --user-data-dir=/var/folders/t0/66ygccxn41b7lrvfjptp3k540000gn/T/playwright_chromiumdev_profile-3pbU4o --remote-debugging-pipe --no-startup-window
    <launched> pid=96946
    [pid=96946][err] [0415/004001.046812:FATAL:base/apple/mach_port_rendezvous_mac.cc:159] Check failed: kr == KERN_SUCCESS. bootstrap_check_in org.chromium.Chromium.MachPortRendezvousServer.96946: Permission denied (1100)
    Call log:
    [2m  - <launching> /Users/adityashrivastava/Library/Caches/ms-playwright/chromium_headless_shell-1217/chrome-headless-shell-mac-arm64/chrome-headless-shell --disable-field-trial-config --disable-background-networking --disable-background-timer-throttling --disable-backgrounding-occluded-windows --disable-back-forward-cache --disable-breakpad --disable-client-side-phishing-detection --disable-component-extensions-with-background-pages --disable-component-update --no-default-browser-check --disable-default-apps --disable-dev-shm-usage --disable-extensions --disable-features=AvoidUnnecessaryBeforeUnloadCheckSync,BoundaryEventDispatchTracksNodeRemoval,DestroyProfileOnBrowserClose,DialMediaRouteProvider,GlobalMediaControls,HttpsUpgrades,LensOverlay,MediaRouter,PaintHolding,ThirdPartyStoragePartitioning,Translate,AutoDeElevate,RenderDocument,OptimizationHints --enable-features=CDPScreenshotNewSurface --allow-pre-commit-input --disable-hang-monitor --disable-ipc-flooding-protection --disable-popup-blocking --disable-prompt-on-repost --disable-renderer-backgrounding --force-color-profile=srgb --metrics-recording-only --no-first-run --password-store=basic --use-mock-keychain --no-service-autorun --export-tagged-pdf --disable-search-engine-choice-screen --unsafely-disable-devtools-self-xss-warnings --edge-skip-compat-layer-relaunch --enable-automation --disable-infobars --disable-search-engine-choice-screen --disable-sync --enable-unsafe-swiftshader --headless --hide-scrollbars --mute-audio --blink-settings=primaryHoverType=2,availableHoverTypes=2,primaryPointerType=4,availablePointerTypes=4 --no-sandbox --user-data-dir=/var/folders/t0/66ygccxn41b7lrvfjptp3k540000gn/T/playwright_chromiumdev_profile-3pbU4o --remote-debugging-pipe --no-startup-window[22m
    [2m  - <launched> pid=96946[22m
    [2m  - [pid=96946][err] [0415/004001.046812:FATAL:base/apple/mach_port_rendezvous_mac.cc:159] Check failed: kr == KERN_SUCCESS. bootstrap_check_in org.chromium.Chromium.MachPortRendezvousServer.96946: Permission denied (1100)[22m
    [2m  - [pid=96946] <gracefully close start>[22m
    [2m  - [pid=96946] <kill>[22m
    [2m  - [pid=96946] <will force kill>[22m
    [2m  - [pid=96946] exception while trying to kill process: Error: kill EPERM[22m
    [2m  - [pid=96946] <process did exit: exitCode=null, signal=SIGTRAP>[22m
    [2m  - [pid=96946] starting temporary directories cleanup[22m
    [2m  - [pid=96946] finished temporary directories cleanup[22m
    [2m  - [pid=96946] <gracefully close end>[22m


    Error Context: test-results/core-Auth-Guard-—-Unauthen-c6fc7-d-saas-→-redirects-to-login-chromium/error-context.md

  13) [chromium] › tests/e2e/core.spec.ts:90:7 › RBAC — Teacher cannot access Admin-only routes › Teacher is blocked from /saas (SaaS control plane) 

    Error: browserType.launch: Target page, context or browser has been closed
    Browser logs:

    <launching> /Users/adityashrivastava/Library/Caches/ms-playwright/chromium_headless_shell-1217/chrome-headless-shell-mac-arm64/chrome-headless-shell --disable-field-trial-config --disable-background-networking --disable-background-timer-throttling --disable-backgrounding-occluded-windows --disable-back-forward-cache --disable-breakpad --disable-client-side-phishing-detection --disable-component-extensions-with-background-pages --disable-component-update --no-default-browser-check --disable-default-apps --disable-dev-shm-usage --disable-extensions --disable-features=AvoidUnnecessaryBeforeUnloadCheckSync,BoundaryEventDispatchTracksNodeRemoval,DestroyProfileOnBrowserClose,DialMediaRouteProvider,GlobalMediaControls,HttpsUpgrades,LensOverlay,MediaRouter,PaintHolding,ThirdPartyStoragePartitioning,Translate,AutoDeElevate,RenderDocument,OptimizationHints --enable-features=CDPScreenshotNewSurface --allow-pre-commit-input --disable-hang-monitor --disable-ipc-flooding-protection --disable-popup-blocking --disable-prompt-on-repost --disable-renderer-backgrounding --force-color-profile=srgb --metrics-recording-only --no-first-run --password-store=basic --use-mock-keychain --no-service-autorun --export-tagged-pdf --disable-search-engine-choice-screen --unsafely-disable-devtools-self-xss-warnings --edge-skip-compat-layer-relaunch --enable-automation --disable-infobars --disable-search-engine-choice-screen --disable-sync --enable-unsafe-swiftshader --headless --hide-scrollbars --mute-audio --blink-settings=primaryHoverType=2,availableHoverTypes=2,primaryPointerType=4,availablePointerTypes=4 --no-sandbox --user-data-dir=/var/folders/t0/66ygccxn41b7lrvfjptp3k540000gn/T/playwright_chromiumdev_profile-gk2q4w --remote-debugging-pipe --no-startup-window
    <launched> pid=96948
    [pid=96948][err] [0415/004001.483563:FATAL:base/apple/mach_port_rendezvous_mac.cc:159] Check failed: kr == KERN_SUCCESS. bootstrap_check_in org.chromium.Chromium.MachPortRendezvousServer.96948: Permission denied (1100)
    Call log:
    [2m  - <launching> /Users/adityashrivastava/Library/Caches/ms-playwright/chromium_headless_shell-1217/chrome-headless-shell-mac-arm64/chrome-headless-shell --disable-field-trial-config --disable-background-networking --disable-background-timer-throttling --disable-backgrounding-occluded-windows --disable-back-forward-cache --disable-breakpad --disable-client-side-phishing-detection --disable-component-extensions-with-background-pages --disable-component-update --no-default-browser-check --disable-default-apps --disable-dev-shm-usage --disable-extensions --disable-features=AvoidUnnecessaryBeforeUnloadCheckSync,BoundaryEventDispatchTracksNodeRemoval,DestroyProfileOnBrowserClose,DialMediaRouteProvider,GlobalMediaControls,HttpsUpgrades,LensOverlay,MediaRouter,PaintHolding,ThirdPartyStoragePartitioning,Translate,AutoDeElevate,RenderDocument,OptimizationHints --enable-features=CDPScreenshotNewSurface --allow-pre-commit-input --disable-hang-monitor --disable-ipc-flooding-protection --disable-popup-blocking --disable-prompt-on-repost --disable-renderer-backgrounding --force-color-profile=srgb --metrics-recording-only --no-first-run --password-store=basic --use-mock-keychain --no-service-autorun --export-tagged-pdf --disable-search-engine-choice-screen --unsafely-disable-devtools-self-xss-warnings --edge-skip-compat-layer-relaunch --enable-automation --disable-infobars --disable-search-engine-choice-screen --disable-sync --enable-unsafe-swiftshader --headless --hide-scrollbars --mute-audio --blink-settings=primaryHoverType=2,availableHoverTypes=2,primaryPointerType=4,availablePointerTypes=4 --no-sandbox --user-data-dir=/var/folders/t0/66ygccxn41b7lrvfjptp3k540000gn/T/playwright_chromiumdev_profile-gk2q4w --remote-debugging-pipe --no-startup-window[22m
    [2m  - <launched> pid=96948[22m
    [2m  - [pid=96948][err] [0415/004001.483563:FATAL:base/apple/mach_port_rendezvous_mac.cc:159] Check failed: kr == KERN_SUCCESS. bootstrap_check_in org.chromium.Chromium.MachPortRendezvousServer.96948: Permission denied (1100)[22m
    [2m  - [pid=96948] <gracefully close start>[22m
    [2m  - [pid=96948] <kill>[22m
    [2m  - [pid=96948] <will force kill>[22m
    [2m  - [pid=96948] exception while trying to kill process: Error: kill EPERM[22m
    [2m  - [pid=96948] <process did exit: exitCode=null, signal=SIGTRAP>[22m
    [2m  - [pid=96948] starting temporary directories cleanup[22m
    [2m  - [pid=96948] finished temporary directories cleanup[22m
    [2m  - [pid=96948] <gracefully close end>[22m


    Error Context: test-results/core-RBAC-—-Teacher-cannot-7c29e-om-saas-SaaS-control-plane--chromium/error-context.md

  14) [chromium] › tests/e2e/core.spec.ts:97:7 › RBAC — Teacher cannot access Admin-only routes › Teacher is blocked from /billing (subscription management) 

    Error: browserType.launch: Target page, context or browser has been closed
    Browser logs:

    <launching> /Users/adityashrivastava/Library/Caches/ms-playwright/chromium_headless_shell-1217/chrome-headless-shell-mac-arm64/chrome-headless-shell --disable-field-trial-config --disable-background-networking --disable-background-timer-throttling --disable-backgrounding-occluded-windows --disable-back-forward-cache --disable-breakpad --disable-client-side-phishing-detection --disable-component-extensions-with-background-pages --disable-component-update --no-default-browser-check --disable-default-apps --disable-dev-shm-usage --disable-extensions --disable-features=AvoidUnnecessaryBeforeUnloadCheckSync,BoundaryEventDispatchTracksNodeRemoval,DestroyProfileOnBrowserClose,DialMediaRouteProvider,GlobalMediaControls,HttpsUpgrades,LensOverlay,MediaRouter,PaintHolding,ThirdPartyStoragePartitioning,Translate,AutoDeElevate,RenderDocument,OptimizationHints --enable-features=CDPScreenshotNewSurface --allow-pre-commit-input --disable-hang-monitor --disable-ipc-flooding-protection --disable-popup-blocking --disable-prompt-on-repost --disable-renderer-backgrounding --force-color-profile=srgb --metrics-recording-only --no-first-run --password-store=basic --use-mock-keychain --no-service-autorun --export-tagged-pdf --disable-search-engine-choice-screen --unsafely-disable-devtools-self-xss-warnings --edge-skip-compat-layer-relaunch --enable-automation --disable-infobars --disable-search-engine-choice-screen --disable-sync --enable-unsafe-swiftshader --headless --hide-scrollbars --mute-audio --blink-settings=primaryHoverType=2,availableHoverTypes=2,primaryPointerType=4,availablePointerTypes=4 --no-sandbox --user-data-dir=/var/folders/t0/66ygccxn41b7lrvfjptp3k540000gn/T/playwright_chromiumdev_profile-8HM6dA --remote-debugging-pipe --no-startup-window
    <launched> pid=96950
    [pid=96950][err] [0415/004001.876517:FATAL:base/apple/mach_port_rendezvous_mac.cc:159] Check failed: kr == KERN_SUCCESS. bootstrap_check_in org.chromium.Chromium.MachPortRendezvousServer.96950: Permission denied (1100)
    [pid=96950] <process did exit: exitCode=null, signal=SIGTRAP>
    [pid=96950] starting temporary directories cleanup
    Call log:
    [2m  - <launching> /Users/adityashrivastava/Library/Caches/ms-playwright/chromium_headless_shell-1217/chrome-headless-shell-mac-arm64/chrome-headless-shell --disable-field-trial-config --disable-background-networking --disable-background-timer-throttling --disable-backgrounding-occluded-windows --disable-back-forward-cache --disable-breakpad --disable-client-side-phishing-detection --disable-component-extensions-with-background-pages --disable-component-update --no-default-browser-check --disable-default-apps --disable-dev-shm-usage --disable-extensions --disable-features=AvoidUnnecessaryBeforeUnloadCheckSync,BoundaryEventDispatchTracksNodeRemoval,DestroyProfileOnBrowserClose,DialMediaRouteProvider,GlobalMediaControls,HttpsUpgrades,LensOverlay,MediaRouter,PaintHolding,ThirdPartyStoragePartitioning,Translate,AutoDeElevate,RenderDocument,OptimizationHints --enable-features=CDPScreenshotNewSurface --allow-pre-commit-input --disable-hang-monitor --disable-ipc-flooding-protection --disable-popup-blocking --disable-prompt-on-repost --disable-renderer-backgrounding --force-color-profile=srgb --metrics-recording-only --no-first-run --password-store=basic --use-mock-keychain --no-service-autorun --export-tagged-pdf --disable-search-engine-choice-screen --unsafely-disable-devtools-self-xss-warnings --edge-skip-compat-layer-relaunch --enable-automation --disable-infobars --disable-search-engine-choice-screen --disable-sync --enable-unsafe-swiftshader --headless --hide-scrollbars --mute-audio --blink-settings=primaryHoverType=2,availableHoverTypes=2,primaryPointerType=4,availablePointerTypes=4 --no-sandbox --user-data-dir=/var/folders/t0/66ygccxn41b7lrvfjptp3k540000gn/T/playwright_chromiumdev_profile-8HM6dA --remote-debugging-pipe --no-startup-window[22m
    [2m  - <launched> pid=96950[22m
    [2m  - [pid=96950][err] [0415/004001.876517:FATAL:base/apple/mach_port_rendezvous_mac.cc:159] Check failed: kr == KERN_SUCCESS. bootstrap_check_in org.chromium.Chromium.MachPortRendezvousServer.96950: Permission denied (1100)[22m
    [2m  - [pid=96950] <process did exit: exitCode=null, signal=SIGTRAP>[22m
    [2m  - [pid=96950] starting temporary directories cleanup[22m
    [2m  - [pid=96950] <gracefully close start>[22m
    [2m  - [pid=96950] <kill>[22m
    [2m  - [pid=96950] <skipped force kill spawnedProcess.killed=false processClosed=true>[22m
    [2m  - [pid=96950] finished temporary directories cleanup[22m
    [2m  - [pid=96950] <gracefully close end>[22m


    Error Context: test-results/core-RBAC-—-Teacher-cannot-c92c8-ng-subscription-management--chromium/error-context.md

  15) [chromium] › tests/e2e/core.spec.ts:114:7 › Admin Dashboard — Core Module Integrity › Admin reaches dashboard after login 

    Error: browserType.launch: Target page, context or browser has been closed
    Browser logs:

    <launching> /Users/adityashrivastava/Library/Caches/ms-playwright/chromium_headless_shell-1217/chrome-headless-shell-mac-arm64/chrome-headless-shell --disable-field-trial-config --disable-background-networking --disable-background-timer-throttling --disable-backgrounding-occluded-windows --disable-back-forward-cache --disable-breakpad --disable-client-side-phishing-detection --disable-component-extensions-with-background-pages --disable-component-update --no-default-browser-check --disable-default-apps --disable-dev-shm-usage --disable-extensions --disable-features=AvoidUnnecessaryBeforeUnloadCheckSync,BoundaryEventDispatchTracksNodeRemoval,DestroyProfileOnBrowserClose,DialMediaRouteProvider,GlobalMediaControls,HttpsUpgrades,LensOverlay,MediaRouter,PaintHolding,ThirdPartyStoragePartitioning,Translate,AutoDeElevate,RenderDocument,OptimizationHints --enable-features=CDPScreenshotNewSurface --allow-pre-commit-input --disable-hang-monitor --disable-ipc-flooding-protection --disable-popup-blocking --disable-prompt-on-repost --disable-renderer-backgrounding --force-color-profile=srgb --metrics-recording-only --no-first-run --password-store=basic --use-mock-keychain --no-service-autorun --export-tagged-pdf --disable-search-engine-choice-screen --unsafely-disable-devtools-self-xss-warnings --edge-skip-compat-layer-relaunch --enable-automation --disable-infobars --disable-search-engine-choice-screen --disable-sync --enable-unsafe-swiftshader --headless --hide-scrollbars --mute-audio --blink-settings=primaryHoverType=2,availableHoverTypes=2,primaryPointerType=4,availablePointerTypes=4 --no-sandbox --user-data-dir=/var/folders/t0/66ygccxn41b7lrvfjptp3k540000gn/T/playwright_chromiumdev_profile-ce5AkY --remote-debugging-pipe --no-startup-window
    <launched> pid=96952
    [pid=96952][err] [0415/004002.271717:FATAL:base/apple/mach_port_rendezvous_mac.cc:159] Check failed: kr == KERN_SUCCESS. bootstrap_check_in org.chromium.Chromium.MachPortRendezvousServer.96952: Permission denied (1100)
    [pid=96952] <process did exit: exitCode=null, signal=SIGTRAP>
    [pid=96952] starting temporary directories cleanup
    Call log:
    [2m  - <launching> /Users/adityashrivastava/Library/Caches/ms-playwright/chromium_headless_shell-1217/chrome-headless-shell-mac-arm64/chrome-headless-shell --disable-field-trial-config --disable-background-networking --disable-background-timer-throttling --disable-backgrounding-occluded-windows --disable-back-forward-cache --disable-breakpad --disable-client-side-phishing-detection --disable-component-extensions-with-background-pages --disable-component-update --no-default-browser-check --disable-default-apps --disable-dev-shm-usage --disable-extensions --disable-features=AvoidUnnecessaryBeforeUnloadCheckSync,BoundaryEventDispatchTracksNodeRemoval,DestroyProfileOnBrowserClose,DialMediaRouteProvider,GlobalMediaControls,HttpsUpgrades,LensOverlay,MediaRouter,PaintHolding,ThirdPartyStoragePartitioning,Translate,AutoDeElevate,RenderDocument,OptimizationHints --enable-features=CDPScreenshotNewSurface --allow-pre-commit-input --disable-hang-monitor --disable-ipc-flooding-protection --disable-popup-blocking --disable-prompt-on-repost --disable-renderer-backgrounding --force-color-profile=srgb --metrics-recording-only --no-first-run --password-store=basic --use-mock-keychain --no-service-autorun --export-tagged-pdf --disable-search-engine-choice-screen --unsafely-disable-devtools-self-xss-warnings --edge-skip-compat-layer-relaunch --enable-automation --disable-infobars --disable-search-engine-choice-screen --disable-sync --enable-unsafe-swiftshader --headless --hide-scrollbars --mute-audio --blink-settings=primaryHoverType=2,availableHoverTypes=2,primaryPointerType=4,availablePointerTypes=4 --no-sandbox --user-data-dir=/var/folders/t0/66ygccxn41b7lrvfjptp3k540000gn/T/playwright_chromiumdev_profile-ce5AkY --remote-debugging-pipe --no-startup-window[22m
    [2m  - <launched> pid=96952[22m
    [2m  - [pid=96952][err] [0415/004002.271717:FATAL:base/apple/mach_port_rendezvous_mac.cc:159] Check failed: kr == KERN_SUCCESS. bootstrap_check_in org.chromium.Chromium.MachPortRendezvousServer.96952: Permission denied (1100)[22m
    [2m  - [pid=96952] <process did exit: exitCode=null, signal=SIGTRAP>[22m
    [2m  - [pid=96952] starting temporary directories cleanup[22m
    [2m  - [pid=96952] <gracefully close start>[22m
    [2m  - [pid=96952] <kill>[22m
    [2m  - [pid=96952] <skipped force kill spawnedProcess.killed=false processClosed=true>[22m
    [2m  - [pid=96952] finished temporary directories cleanup[22m
    [2m  - [pid=96952] <gracefully close end>[22m


    Error Context: test-results/core-Admin-Dashboard-—-Cor-b6c34-aches-dashboard-after-login-chromium/error-context.md

  16) [chromium] › tests/e2e/core.spec.ts:119:7 › Admin Dashboard — Core Module Integrity › Student Management page mounts without crashing 

    Error: browserType.launch: Target page, context or browser has been closed
    Browser logs:

    <launching> /Users/adityashrivastava/Library/Caches/ms-playwright/chromium_headless_shell-1217/chrome-headless-shell-mac-arm64/chrome-headless-shell --disable-field-trial-config --disable-background-networking --disable-background-timer-throttling --disable-backgrounding-occluded-windows --disable-back-forward-cache --disable-breakpad --disable-client-side-phishing-detection --disable-component-extensions-with-background-pages --disable-component-update --no-default-browser-check --disable-default-apps --disable-dev-shm-usage --disable-extensions --disable-features=AvoidUnnecessaryBeforeUnloadCheckSync,BoundaryEventDispatchTracksNodeRemoval,DestroyProfileOnBrowserClose,DialMediaRouteProvider,GlobalMediaControls,HttpsUpgrades,LensOverlay,MediaRouter,PaintHolding,ThirdPartyStoragePartitioning,Translate,AutoDeElevate,RenderDocument,OptimizationHints --enable-features=CDPScreenshotNewSurface --allow-pre-commit-input --disable-hang-monitor --disable-ipc-flooding-protection --disable-popup-blocking --disable-prompt-on-repost --disable-renderer-backgrounding --force-color-profile=srgb --metrics-recording-only --no-first-run --password-store=basic --use-mock-keychain --no-service-autorun --export-tagged-pdf --disable-search-engine-choice-screen --unsafely-disable-devtools-self-xss-warnings --edge-skip-compat-layer-relaunch --enable-automation --disable-infobars --disable-search-engine-choice-screen --disable-sync --enable-unsafe-swiftshader --headless --hide-scrollbars --mute-audio --blink-settings=primaryHoverType=2,availableHoverTypes=2,primaryPointerType=4,availablePointerTypes=4 --no-sandbox --user-data-dir=/var/folders/t0/66ygccxn41b7lrvfjptp3k540000gn/T/playwright_chromiumdev_profile-ctMaQk --remote-debugging-pipe --no-startup-window
    <launched> pid=96954
    [pid=96954][err] [0415/004002.740052:FATAL:base/apple/mach_port_rendezvous_mac.cc:159] Check failed: kr == KERN_SUCCESS. bootstrap_check_in org.chromium.Chromium.MachPortRendezvousServer.96954: Permission denied (1100)
    Call log:
    [2m  - <launching> /Users/adityashrivastava/Library/Caches/ms-playwright/chromium_headless_shell-1217/chrome-headless-shell-mac-arm64/chrome-headless-shell --disable-field-trial-config --disable-background-networking --disable-background-timer-throttling --disable-backgrounding-occluded-windows --disable-back-forward-cache --disable-breakpad --disable-client-side-phishing-detection --disable-component-extensions-with-background-pages --disable-component-update --no-default-browser-check --disable-default-apps --disable-dev-shm-usage --disable-extensions --disable-features=AvoidUnnecessaryBeforeUnloadCheckSync,BoundaryEventDispatchTracksNodeRemoval,DestroyProfileOnBrowserClose,DialMediaRouteProvider,GlobalMediaControls,HttpsUpgrades,LensOverlay,MediaRouter,PaintHolding,ThirdPartyStoragePartitioning,Translate,AutoDeElevate,RenderDocument,OptimizationHints --enable-features=CDPScreenshotNewSurface --allow-pre-commit-input --disable-hang-monitor --disable-ipc-flooding-protection --disable-popup-blocking --disable-prompt-on-repost --disable-renderer-backgrounding --force-color-profile=srgb --metrics-recording-only --no-first-run --password-store=basic --use-mock-keychain --no-service-autorun --export-tagged-pdf --disable-search-engine-choice-screen --unsafely-disable-devtools-self-xss-warnings --edge-skip-compat-layer-relaunch --enable-automation --disable-infobars --disable-search-engine-choice-screen --disable-sync --enable-unsafe-swiftshader --headless --hide-scrollbars --mute-audio --blink-settings=primaryHoverType=2,availableHoverTypes=2,primaryPointerType=4,availablePointerTypes=4 --no-sandbox --user-data-dir=/var/folders/t0/66ygccxn41b7lrvfjptp3k540000gn/T/playwright_chromiumdev_profile-ctMaQk --remote-debugging-pipe --no-startup-window[22m
    [2m  - <launched> pid=96954[22m
    [2m  - [pid=96954][err] [0415/004002.740052:FATAL:base/apple/mach_port_rendezvous_mac.cc:159] Check failed: kr == KERN_SUCCESS. bootstrap_check_in org.chromium.Chromium.MachPortRendezvousServer.96954: Permission denied (1100)[22m
    [2m  - [pid=96954] <gracefully close start>[22m
    [2m  - [pid=96954] <kill>[22m
    [2m  - [pid=96954] <will force kill>[22m
    [2m  - [pid=96954] exception while trying to kill process: Error: kill EPERM[22m
    [2m  - [pid=96954] <process did exit: exitCode=null, signal=SIGTRAP>[22m
    [2m  - [pid=96954] starting temporary directories cleanup[22m
    [2m  - [pid=96954] finished temporary directories cleanup[22m
    [2m  - [pid=96954] <gracefully close end>[22m


    Error Context: test-results/core-Admin-Dashboard-—-Cor-349df-age-mounts-without-crashing-chromium/error-context.md

  17) [chromium] › tests/e2e/core.spec.ts:128:7 › Admin Dashboard — Core Module Integrity › Hostel Management page mounts correctly 

    Error: browserType.launch: Target page, context or browser has been closed
    Browser logs:

    <launching> /Users/adityashrivastava/Library/Caches/ms-playwright/chromium_headless_shell-1217/chrome-headless-shell-mac-arm64/chrome-headless-shell --disable-field-trial-config --disable-background-networking --disable-background-timer-throttling --disable-backgrounding-occluded-windows --disable-back-forward-cache --disable-breakpad --disable-client-side-phishing-detection --disable-component-extensions-with-background-pages --disable-component-update --no-default-browser-check --disable-default-apps --disable-dev-shm-usage --disable-extensions --disable-features=AvoidUnnecessaryBeforeUnloadCheckSync,BoundaryEventDispatchTracksNodeRemoval,DestroyProfileOnBrowserClose,DialMediaRouteProvider,GlobalMediaControls,HttpsUpgrades,LensOverlay,MediaRouter,PaintHolding,ThirdPartyStoragePartitioning,Translate,AutoDeElevate,RenderDocument,OptimizationHints --enable-features=CDPScreenshotNewSurface --allow-pre-commit-input --disable-hang-monitor --disable-ipc-flooding-protection --disable-popup-blocking --disable-prompt-on-repost --disable-renderer-backgrounding --force-color-profile=srgb --metrics-recording-only --no-first-run --password-store=basic --use-mock-keychain --no-service-autorun --export-tagged-pdf --disable-search-engine-choice-screen --unsafely-disable-devtools-self-xss-warnings --edge-skip-compat-layer-relaunch --enable-automation --disable-infobars --disable-search-engine-choice-screen --disable-sync --enable-unsafe-swiftshader --headless --hide-scrollbars --mute-audio --blink-settings=primaryHoverType=2,availableHoverTypes=2,primaryPointerType=4,availablePointerTypes=4 --no-sandbox --user-data-dir=/var/folders/t0/66ygccxn41b7lrvfjptp3k540000gn/T/playwright_chromiumdev_profile-IRlmjg --remote-debugging-pipe --no-startup-window
    <launched> pid=96956
    [pid=96956][err] [0415/004003.336244:FATAL:base/apple/mach_port_rendezvous_mac.cc:159] Check failed: kr == KERN_SUCCESS. bootstrap_check_in org.chromium.Chromium.MachPortRendezvousServer.96956: Permission denied (1100)
    Call log:
    [2m  - <launching> /Users/adityashrivastava/Library/Caches/ms-playwright/chromium_headless_shell-1217/chrome-headless-shell-mac-arm64/chrome-headless-shell --disable-field-trial-config --disable-background-networking --disable-background-timer-throttling --disable-backgrounding-occluded-windows --disable-back-forward-cache --disable-breakpad --disable-client-side-phishing-detection --disable-component-extensions-with-background-pages --disable-component-update --no-default-browser-check --disable-default-apps --disable-dev-shm-usage --disable-extensions --disable-features=AvoidUnnecessaryBeforeUnloadCheckSync,BoundaryEventDispatchTracksNodeRemoval,DestroyProfileOnBrowserClose,DialMediaRouteProvider,GlobalMediaControls,HttpsUpgrades,LensOverlay,MediaRouter,PaintHolding,ThirdPartyStoragePartitioning,Translate,AutoDeElevate,RenderDocument,OptimizationHints --enable-features=CDPScreenshotNewSurface --allow-pre-commit-input --disable-hang-monitor --disable-ipc-flooding-protection --disable-popup-blocking --disable-prompt-on-repost --disable-renderer-backgrounding --force-color-profile=srgb --metrics-recording-only --no-first-run --password-store=basic --use-mock-keychain --no-service-autorun --export-tagged-pdf --disable-search-engine-choice-screen --unsafely-disable-devtools-self-xss-warnings --edge-skip-compat-layer-relaunch --enable-automation --disable-infobars --disable-search-engine-choice-screen --disable-sync --enable-unsafe-swiftshader --headless --hide-scrollbars --mute-audio --blink-settings=primaryHoverType=2,availableHoverTypes=2,primaryPointerType=4,availablePointerTypes=4 --no-sandbox --user-data-dir=/var/folders/t0/66ygccxn41b7lrvfjptp3k540000gn/T/playwright_chromiumdev_profile-IRlmjg --remote-debugging-pipe --no-startup-window[22m
    [2m  - <launched> pid=96956[22m
    [2m  - [pid=96956][err] [0415/004003.336244:FATAL:base/apple/mach_port_rendezvous_mac.cc:159] Check failed: kr == KERN_SUCCESS. bootstrap_check_in org.chromium.Chromium.MachPortRendezvousServer.96956: Permission denied (1100)[22m
    [2m  - [pid=96956] <gracefully close start>[22m
    [2m  - [pid=96956] <kill>[22m
    [2m  - [pid=96956] <will force kill>[22m
    [2m  - [pid=96956] exception while trying to kill process: Error: kill EPERM[22m
    [2m  - [pid=96956] <process did exit: exitCode=null, signal=SIGTRAP>[22m
    [2m  - [pid=96956] starting temporary directories cleanup[22m
    [2m  - [pid=96956] finished temporary directories cleanup[22m
    [2m  - [pid=96956] <gracefully close end>[22m


    Error Context: test-results/core-Admin-Dashboard-—-Cor-acc81-ement-page-mounts-correctly-chromium/error-context.md

  18) [chromium] › tests/e2e/core.spec.ts:136:7 › Admin Dashboard — Core Module Integrity › Hostel tab navigation works correctly 

    Error: browserType.launch: Target page, context or browser has been closed
    Browser logs:

    <launching> /Users/adityashrivastava/Library/Caches/ms-playwright/chromium_headless_shell-1217/chrome-headless-shell-mac-arm64/chrome-headless-shell --disable-field-trial-config --disable-background-networking --disable-background-timer-throttling --disable-backgrounding-occluded-windows --disable-back-forward-cache --disable-breakpad --disable-client-side-phishing-detection --disable-component-extensions-with-background-pages --disable-component-update --no-default-browser-check --disable-default-apps --disable-dev-shm-usage --disable-extensions --disable-features=AvoidUnnecessaryBeforeUnloadCheckSync,BoundaryEventDispatchTracksNodeRemoval,DestroyProfileOnBrowserClose,DialMediaRouteProvider,GlobalMediaControls,HttpsUpgrades,LensOverlay,MediaRouter,PaintHolding,ThirdPartyStoragePartitioning,Translate,AutoDeElevate,RenderDocument,OptimizationHints --enable-features=CDPScreenshotNewSurface --allow-pre-commit-input --disable-hang-monitor --disable-ipc-flooding-protection --disable-popup-blocking --disable-prompt-on-repost --disable-renderer-backgrounding --force-color-profile=srgb --metrics-recording-only --no-first-run --password-store=basic --use-mock-keychain --no-service-autorun --export-tagged-pdf --disable-search-engine-choice-screen --unsafely-disable-devtools-self-xss-warnings --edge-skip-compat-layer-relaunch --enable-automation --disable-infobars --disable-search-engine-choice-screen --disable-sync --enable-unsafe-swiftshader --headless --hide-scrollbars --mute-audio --blink-settings=primaryHoverType=2,availableHoverTypes=2,primaryPointerType=4,availablePointerTypes=4 --no-sandbox --user-data-dir=/var/folders/t0/66ygccxn41b7lrvfjptp3k540000gn/T/playwright_chromiumdev_profile-7rp5N0 --remote-debugging-pipe --no-startup-window
    <launched> pid=96958
    [pid=96958][err] [0415/004003.796573:FATAL:base/apple/mach_port_rendezvous_mac.cc:159] Check failed: kr == KERN_SUCCESS. bootstrap_check_in org.chromium.Chromium.MachPortRendezvousServer.96958: Permission denied (1100)
    Call log:
    [2m  - <launching> /Users/adityashrivastava/Library/Caches/ms-playwright/chromium_headless_shell-1217/chrome-headless-shell-mac-arm64/chrome-headless-shell --disable-field-trial-config --disable-background-networking --disable-background-timer-throttling --disable-backgrounding-occluded-windows --disable-back-forward-cache --disable-breakpad --disable-client-side-phishing-detection --disable-component-extensions-with-background-pages --disable-component-update --no-default-browser-check --disable-default-apps --disable-dev-shm-usage --disable-extensions --disable-features=AvoidUnnecessaryBeforeUnloadCheckSync,BoundaryEventDispatchTracksNodeRemoval,DestroyProfileOnBrowserClose,DialMediaRouteProvider,GlobalMediaControls,HttpsUpgrades,LensOverlay,MediaRouter,PaintHolding,ThirdPartyStoragePartitioning,Translate,AutoDeElevate,RenderDocument,OptimizationHints --enable-features=CDPScreenshotNewSurface --allow-pre-commit-input --disable-hang-monitor --disable-ipc-flooding-protection --disable-popup-blocking --disable-prompt-on-repost --disable-renderer-backgrounding --force-color-profile=srgb --metrics-recording-only --no-first-run --password-store=basic --use-mock-keychain --no-service-autorun --export-tagged-pdf --disable-search-engine-choice-screen --unsafely-disable-devtools-self-xss-warnings --edge-skip-compat-layer-relaunch --enable-automation --disable-infobars --disable-search-engine-choice-screen --disable-sync --enable-unsafe-swiftshader --headless --hide-scrollbars --mute-audio --blink-settings=primaryHoverType=2,availableHoverTypes=2,primaryPointerType=4,availablePointerTypes=4 --no-sandbox --user-data-dir=/var/folders/t0/66ygccxn41b7lrvfjptp3k540000gn/T/playwright_chromiumdev_profile-7rp5N0 --remote-debugging-pipe --no-startup-window[22m
    [2m  - <launched> pid=96958[22m
    [2m  - [pid=96958][err] [0415/004003.796573:FATAL:base/apple/mach_port_rendezvous_mac.cc:159] Check failed: kr == KERN_SUCCESS. bootstrap_check_in org.chromium.Chromium.MachPortRendezvousServer.96958: Permission denied (1100)[22m
    [2m  - [pid=96958] <gracefully close start>[22m
    [2m  - [pid=96958] <kill>[22m
    [2m  - [pid=96958] <will force kill>[22m
    [2m  - [pid=96958] exception while trying to kill process: Error: kill EPERM[22m
    [2m  - [pid=96958] <process did exit: exitCode=null, signal=SIGTRAP>[22m
    [2m  - [pid=96958] starting temporary directories cleanup[22m
    [2m  - [pid=96958] finished temporary directories cleanup[22m
    [2m  - [pid=96958] <gracefully close end>[22m


    Error Context: test-results/core-Admin-Dashboard-—-Cor-9de3a--navigation-works-correctly-chromium/error-context.md

  19) [chromium] › tests/e2e/core.spec.ts:143:7 › Admin Dashboard — Core Module Integrity › Attendance page mounts without crashing 

    Error: browserType.launch: Target page, context or browser has been closed
    Browser logs:

    <launching> /Users/adityashrivastava/Library/Caches/ms-playwright/chromium_headless_shell-1217/chrome-headless-shell-mac-arm64/chrome-headless-shell --disable-field-trial-config --disable-background-networking --disable-background-timer-throttling --disable-backgrounding-occluded-windows --disable-back-forward-cache --disable-breakpad --disable-client-side-phishing-detection --disable-component-extensions-with-background-pages --disable-component-update --no-default-browser-check --disable-default-apps --disable-dev-shm-usage --disable-extensions --disable-features=AvoidUnnecessaryBeforeUnloadCheckSync,BoundaryEventDispatchTracksNodeRemoval,DestroyProfileOnBrowserClose,DialMediaRouteProvider,GlobalMediaControls,HttpsUpgrades,LensOverlay,MediaRouter,PaintHolding,ThirdPartyStoragePartitioning,Translate,AutoDeElevate,RenderDocument,OptimizationHints --enable-features=CDPScreenshotNewSurface --allow-pre-commit-input --disable-hang-monitor --disable-ipc-flooding-protection --disable-popup-blocking --disable-prompt-on-repost --disable-renderer-backgrounding --force-color-profile=srgb --metrics-recording-only --no-first-run --password-store=basic --use-mock-keychain --no-service-autorun --export-tagged-pdf --disable-search-engine-choice-screen --unsafely-disable-devtools-self-xss-warnings --edge-skip-compat-layer-relaunch --enable-automation --disable-infobars --disable-search-engine-choice-screen --disable-sync --enable-unsafe-swiftshader --headless --hide-scrollbars --mute-audio --blink-settings=primaryHoverType=2,availableHoverTypes=2,primaryPointerType=4,availablePointerTypes=4 --no-sandbox --user-data-dir=/var/folders/t0/66ygccxn41b7lrvfjptp3k540000gn/T/playwright_chromiumdev_profile-5dCJVM --remote-debugging-pipe --no-startup-window
    <launched> pid=96961
    [pid=96961][err] [0415/004004.256721:FATAL:base/apple/mach_port_rendezvous_mac.cc:159] Check failed: kr == KERN_SUCCESS. bootstrap_check_in org.chromium.Chromium.MachPortRendezvousServer.96961: Permission denied (1100)
    [pid=96961] <process did exit: exitCode=null, signal=SIGTRAP>
    [pid=96961] starting temporary directories cleanup
    Call log:
    [2m  - <launching> /Users/adityashrivastava/Library/Caches/ms-playwright/chromium_headless_shell-1217/chrome-headless-shell-mac-arm64/chrome-headless-shell --disable-field-trial-config --disable-background-networking --disable-background-timer-throttling --disable-backgrounding-occluded-windows --disable-back-forward-cache --disable-breakpad --disable-client-side-phishing-detection --disable-component-extensions-with-background-pages --disable-component-update --no-default-browser-check --disable-default-apps --disable-dev-shm-usage --disable-extensions --disable-features=AvoidUnnecessaryBeforeUnloadCheckSync,BoundaryEventDispatchTracksNodeRemoval,DestroyProfileOnBrowserClose,DialMediaRouteProvider,GlobalMediaControls,HttpsUpgrades,LensOverlay,MediaRouter,PaintHolding,ThirdPartyStoragePartitioning,Translate,AutoDeElevate,RenderDocument,OptimizationHints --enable-features=CDPScreenshotNewSurface --allow-pre-commit-input --disable-hang-monitor --disable-ipc-flooding-protection --disable-popup-blocking --disable-prompt-on-repost --disable-renderer-backgrounding --force-color-profile=srgb --metrics-recording-only --no-first-run --password-store=basic --use-mock-keychain --no-service-autorun --export-tagged-pdf --disable-search-engine-choice-screen --unsafely-disable-devtools-self-xss-warnings --edge-skip-compat-layer-relaunch --enable-automation --disable-infobars --disable-search-engine-choice-screen --disable-sync --enable-unsafe-swiftshader --headless --hide-scrollbars --mute-audio --blink-settings=primaryHoverType=2,availableHoverTypes=2,primaryPointerType=4,availablePointerTypes=4 --no-sandbox --user-data-dir=/var/folders/t0/66ygccxn41b7lrvfjptp3k540000gn/T/playwright_chromiumdev_profile-5dCJVM --remote-debugging-pipe --no-startup-window[22m
    [2m  - <launched> pid=96961[22m
    [2m  - [pid=96961][err] [0415/004004.256721:FATAL:base/apple/mach_port_rendezvous_mac.cc:159] Check failed: kr == KERN_SUCCESS. bootstrap_check_in org.chromium.Chromium.MachPortRendezvousServer.96961: Permission denied (1100)[22m
    [2m  - [pid=96961] <process did exit: exitCode=null, signal=SIGTRAP>[22m
    [2m  - [pid=96961] starting temporary directories cleanup[22m
    [2m  - [pid=96961] <gracefully close start>[22m
    [2m  - [pid=96961] <kill>[22m
    [2m  - [pid=96961] <skipped force kill spawnedProcess.killed=false processClosed=true>[22m
    [2m  - [pid=96961] finished temporary directories cleanup[22m
    [2m  - [pid=96961] <gracefully close end>[22m


    Error Context: test-results/core-Admin-Dashboard-—-Cor-d1e96-age-mounts-without-crashing-chromium/error-context.md

  20) [chromium] › tests/e2e/core.spec.ts:148:7 › Admin Dashboard — Core Module Integrity › AI Copilot FAB button is rendered on dashboard 

    Error: browserType.launch: Target page, context or browser has been closed
    Browser logs:

    <launching> /Users/adityashrivastava/Library/Caches/ms-playwright/chromium_headless_shell-1217/chrome-headless-shell-mac-arm64/chrome-headless-shell --disable-field-trial-config --disable-background-networking --disable-background-timer-throttling --disable-backgrounding-occluded-windows --disable-back-forward-cache --disable-breakpad --disable-client-side-phishing-detection --disable-component-extensions-with-background-pages --disable-component-update --no-default-browser-check --disable-default-apps --disable-dev-shm-usage --disable-extensions --disable-features=AvoidUnnecessaryBeforeUnloadCheckSync,BoundaryEventDispatchTracksNodeRemoval,DestroyProfileOnBrowserClose,DialMediaRouteProvider,GlobalMediaControls,HttpsUpgrades,LensOverlay,MediaRouter,PaintHolding,ThirdPartyStoragePartitioning,Translate,AutoDeElevate,RenderDocument,OptimizationHints --enable-features=CDPScreenshotNewSurface --allow-pre-commit-input --disable-hang-monitor --disable-ipc-flooding-protection --disable-popup-blocking --disable-prompt-on-repost --disable-renderer-backgrounding --force-color-profile=srgb --metrics-recording-only --no-first-run --password-store=basic --use-mock-keychain --no-service-autorun --export-tagged-pdf --disable-search-engine-choice-screen --unsafely-disable-devtools-self-xss-warnings --edge-skip-compat-layer-relaunch --enable-automation --disable-infobars --disable-search-engine-choice-screen --disable-sync --enable-unsafe-swiftshader --headless --hide-scrollbars --mute-audio --blink-settings=primaryHoverType=2,availableHoverTypes=2,primaryPointerType=4,availablePointerTypes=4 --no-sandbox --user-data-dir=/var/folders/t0/66ygccxn41b7lrvfjptp3k540000gn/T/playwright_chromiumdev_profile-sjZboV --remote-debugging-pipe --no-startup-window
    <launched> pid=96966
    [pid=96966][err] [0415/004004.685605:FATAL:base/apple/mach_port_rendezvous_mac.cc:159] Check failed: kr == KERN_SUCCESS. bootstrap_check_in org.chromium.Chromium.MachPortRendezvousServer.96966: Permission denied (1100)
    Call log:
    [2m  - <launching> /Users/adityashrivastava/Library/Caches/ms-playwright/chromium_headless_shell-1217/chrome-headless-shell-mac-arm64/chrome-headless-shell --disable-field-trial-config --disable-background-networking --disable-background-timer-throttling --disable-backgrounding-occluded-windows --disable-back-forward-cache --disable-breakpad --disable-client-side-phishing-detection --disable-component-extensions-with-background-pages --disable-component-update --no-default-browser-check --disable-default-apps --disable-dev-shm-usage --disable-extensions --disable-features=AvoidUnnecessaryBeforeUnloadCheckSync,BoundaryEventDispatchTracksNodeRemoval,DestroyProfileOnBrowserClose,DialMediaRouteProvider,GlobalMediaControls,HttpsUpgrades,LensOverlay,MediaRouter,PaintHolding,ThirdPartyStoragePartitioning,Translate,AutoDeElevate,RenderDocument,OptimizationHints --enable-features=CDPScreenshotNewSurface --allow-pre-commit-input --disable-hang-monitor --disable-ipc-flooding-protection --disable-popup-blocking --disable-prompt-on-repost --disable-renderer-backgrounding --force-color-profile=srgb --metrics-recording-only --no-first-run --password-store=basic --use-mock-keychain --no-service-autorun --export-tagged-pdf --disable-search-engine-choice-screen --unsafely-disable-devtools-self-xss-warnings --edge-skip-compat-layer-relaunch --enable-automation --disable-infobars --disable-search-engine-choice-screen --disable-sync --enable-unsafe-swiftshader --headless --hide-scrollbars --mute-audio --blink-settings=primaryHoverType=2,availableHoverTypes=2,primaryPointerType=4,availablePointerTypes=4 --no-sandbox --user-data-dir=/var/folders/t0/66ygccxn41b7lrvfjptp3k540000gn/T/playwright_chromiumdev_profile-sjZboV --remote-debugging-pipe --no-startup-window[22m
    [2m  - <launched> pid=96966[22m
    [2m  - [pid=96966][err] [0415/004004.685605:FATAL:base/apple/mach_port_rendezvous_mac.cc:159] Check failed: kr == KERN_SUCCESS. bootstrap_check_in org.chromium.Chromium.MachPortRendezvousServer.96966: Permission denied (1100)[22m
    [2m  - [pid=96966] <gracefully close start>[22m
    [2m  - [pid=96966] <kill>[22m
    [2m  - [pid=96966] <will force kill>[22m
    [2m  - [pid=96966] exception while trying to kill process: Error: kill EPERM[22m
    [2m  - [pid=96966] <process did exit: exitCode=null, signal=SIGTRAP>[22m
    [2m  - [pid=96966] starting temporary directories cleanup[22m
    [2m  - [pid=96966] finished temporary directories cleanup[22m
    [2m  - [pid=96966] <gracefully close end>[22m


    Error Context: test-results/core-Admin-Dashboard-—-Cor-f70bd-on-is-rendered-on-dashboard-chromium/error-context.md

  21) [chromium] › tests/e2e/core.spec.ts:155:7 › Admin Dashboard — Core Module Integrity › NexBot chat window toggles open on click 

    Error: browserType.launch: Target page, context or browser has been closed
    Browser logs:

    <launching> /Users/adityashrivastava/Library/Caches/ms-playwright/chromium_headless_shell-1217/chrome-headless-shell-mac-arm64/chrome-headless-shell --disable-field-trial-config --disable-background-networking --disable-background-timer-throttling --disable-backgrounding-occluded-windows --disable-back-forward-cache --disable-breakpad --disable-client-side-phishing-detection --disable-component-extensions-with-background-pages --disable-component-update --no-default-browser-check --disable-default-apps --disable-dev-shm-usage --disable-extensions --disable-features=AvoidUnnecessaryBeforeUnloadCheckSync,BoundaryEventDispatchTracksNodeRemoval,DestroyProfileOnBrowserClose,DialMediaRouteProvider,GlobalMediaControls,HttpsUpgrades,LensOverlay,MediaRouter,PaintHolding,ThirdPartyStoragePartitioning,Translate,AutoDeElevate,RenderDocument,OptimizationHints --enable-features=CDPScreenshotNewSurface --allow-pre-commit-input --disable-hang-monitor --disable-ipc-flooding-protection --disable-popup-blocking --disable-prompt-on-repost --disable-renderer-backgrounding --force-color-profile=srgb --metrics-recording-only --no-first-run --password-store=basic --use-mock-keychain --no-service-autorun --export-tagged-pdf --disable-search-engine-choice-screen --unsafely-disable-devtools-self-xss-warnings --edge-skip-compat-layer-relaunch --enable-automation --disable-infobars --disable-search-engine-choice-screen --disable-sync --enable-unsafe-swiftshader --headless --hide-scrollbars --mute-audio --blink-settings=primaryHoverType=2,availableHoverTypes=2,primaryPointerType=4,availablePointerTypes=4 --no-sandbox --user-data-dir=/var/folders/t0/66ygccxn41b7lrvfjptp3k540000gn/T/playwright_chromiumdev_profile-xrrW6l --remote-debugging-pipe --no-startup-window
    <launched> pid=96975
    [pid=96975][err] [0415/004005.195010:FATAL:base/apple/mach_port_rendezvous_mac.cc:159] Check failed: kr == KERN_SUCCESS. bootstrap_check_in org.chromium.Chromium.MachPortRendezvousServer.96975: Permission denied (1100)
    Call log:
    [2m  - <launching> /Users/adityashrivastava/Library/Caches/ms-playwright/chromium_headless_shell-1217/chrome-headless-shell-mac-arm64/chrome-headless-shell --disable-field-trial-config --disable-background-networking --disable-background-timer-throttling --disable-backgrounding-occluded-windows --disable-back-forward-cache --disable-breakpad --disable-client-side-phishing-detection --disable-component-extensions-with-background-pages --disable-component-update --no-default-browser-check --disable-default-apps --disable-dev-shm-usage --disable-extensions --disable-features=AvoidUnnecessaryBeforeUnloadCheckSync,BoundaryEventDispatchTracksNodeRemoval,DestroyProfileOnBrowserClose,DialMediaRouteProvider,GlobalMediaControls,HttpsUpgrades,LensOverlay,MediaRouter,PaintHolding,ThirdPartyStoragePartitioning,Translate,AutoDeElevate,RenderDocument,OptimizationHints --enable-features=CDPScreenshotNewSurface --allow-pre-commit-input --disable-hang-monitor --disable-ipc-flooding-protection --disable-popup-blocking --disable-prompt-on-repost --disable-renderer-backgrounding --force-color-profile=srgb --metrics-recording-only --no-first-run --password-store=basic --use-mock-keychain --no-service-autorun --export-tagged-pdf --disable-search-engine-choice-screen --unsafely-disable-devtools-self-xss-warnings --edge-skip-compat-layer-relaunch --enable-automation --disable-infobars --disable-search-engine-choice-screen --disable-sync --enable-unsafe-swiftshader --headless --hide-scrollbars --mute-audio --blink-settings=primaryHoverType=2,availableHoverTypes=2,primaryPointerType=4,availablePointerTypes=4 --no-sandbox --user-data-dir=/var/folders/t0/66ygccxn41b7lrvfjptp3k540000gn/T/playwright_chromiumdev_profile-xrrW6l --remote-debugging-pipe --no-startup-window[22m
    [2m  - <launched> pid=96975[22m
    [2m  - [pid=96975][err] [0415/004005.195010:FATAL:base/apple/mach_port_rendezvous_mac.cc:159] Check failed: kr == KERN_SUCCESS. bootstrap_check_in org.chromium.Chromium.MachPortRendezvousServer.96975: Permission denied (1100)[22m
    [2m  - [pid=96975] <gracefully close start>[22m
    [2m  - [pid=96975] <kill>[22m
    [2m  - [pid=96975] <will force kill>[22m
    [2m  - [pid=96975] exception while trying to kill process: Error: kill EPERM[22m
    [2m  - [pid=96975] <process did exit: exitCode=null, signal=SIGTRAP>[22m
    [2m  - [pid=96975] starting temporary directories cleanup[22m
    [2m  - [pid=96975] finished temporary directories cleanup[22m
    [2m  - [pid=96975] <gracefully close end>[22m


    Error Context: test-results/core-Admin-Dashboard-—-Cor-b3d39-indow-toggles-open-on-click-chromium/error-context.md

  22) [chromium] › tests/e2e/core.spec.ts:169:7 › Onboarding Funnel — SaaS Signup Flow › Register form step 1 validates and advances 

    Error: browserType.launch: Target page, context or browser has been closed
    Browser logs:

    <launching> /Users/adityashrivastava/Library/Caches/ms-playwright/chromium_headless_shell-1217/chrome-headless-shell-mac-arm64/chrome-headless-shell --disable-field-trial-config --disable-background-networking --disable-background-timer-throttling --disable-backgrounding-occluded-windows --disable-back-forward-cache --disable-breakpad --disable-client-side-phishing-detection --disable-component-extensions-with-background-pages --disable-component-update --no-default-browser-check --disable-default-apps --disable-dev-shm-usage --disable-extensions --disable-features=AvoidUnnecessaryBeforeUnloadCheckSync,BoundaryEventDispatchTracksNodeRemoval,DestroyProfileOnBrowserClose,DialMediaRouteProvider,GlobalMediaControls,HttpsUpgrades,LensOverlay,MediaRouter,PaintHolding,ThirdPartyStoragePartitioning,Translate,AutoDeElevate,RenderDocument,OptimizationHints --enable-features=CDPScreenshotNewSurface --allow-pre-commit-input --disable-hang-monitor --disable-ipc-flooding-protection --disable-popup-blocking --disable-prompt-on-repost --disable-renderer-backgrounding --force-color-profile=srgb --metrics-recording-only --no-first-run --password-store=basic --use-mock-keychain --no-service-autorun --export-tagged-pdf --disable-search-engine-choice-screen --unsafely-disable-devtools-self-xss-warnings --edge-skip-compat-layer-relaunch --enable-automation --disable-infobars --disable-search-engine-choice-screen --disable-sync --enable-unsafe-swiftshader --headless --hide-scrollbars --mute-audio --blink-settings=primaryHoverType=2,availableHoverTypes=2,primaryPointerType=4,availablePointerTypes=4 --no-sandbox --user-data-dir=/var/folders/t0/66ygccxn41b7lrvfjptp3k540000gn/T/playwright_chromiumdev_profile-lsWzej --remote-debugging-pipe --no-startup-window
    <launched> pid=96976
    [pid=96976][err] [0415/004005.592093:FATAL:base/apple/mach_port_rendezvous_mac.cc:159] Check failed: kr == KERN_SUCCESS. bootstrap_check_in org.chromium.Chromium.MachPortRendezvousServer.96976: Permission denied (1100)
    Call log:
    [2m  - <launching> /Users/adityashrivastava/Library/Caches/ms-playwright/chromium_headless_shell-1217/chrome-headless-shell-mac-arm64/chrome-headless-shell --disable-field-trial-config --disable-background-networking --disable-background-timer-throttling --disable-backgrounding-occluded-windows --disable-back-forward-cache --disable-breakpad --disable-client-side-phishing-detection --disable-component-extensions-with-background-pages --disable-component-update --no-default-browser-check --disable-default-apps --disable-dev-shm-usage --disable-extensions --disable-features=AvoidUnnecessaryBeforeUnloadCheckSync,BoundaryEventDispatchTracksNodeRemoval,DestroyProfileOnBrowserClose,DialMediaRouteProvider,GlobalMediaControls,HttpsUpgrades,LensOverlay,MediaRouter,PaintHolding,ThirdPartyStoragePartitioning,Translate,AutoDeElevate,RenderDocument,OptimizationHints --enable-features=CDPScreenshotNewSurface --allow-pre-commit-input --disable-hang-monitor --disable-ipc-flooding-protection --disable-popup-blocking --disable-prompt-on-repost --disable-renderer-backgrounding --force-color-profile=srgb --metrics-recording-only --no-first-run --password-store=basic --use-mock-keychain --no-service-autorun --export-tagged-pdf --disable-search-engine-choice-screen --unsafely-disable-devtools-self-xss-warnings --edge-skip-compat-layer-relaunch --enable-automation --disable-infobars --disable-search-engine-choice-screen --disable-sync --enable-unsafe-swiftshader --headless --hide-scrollbars --mute-audio --blink-settings=primaryHoverType=2,availableHoverTypes=2,primaryPointerType=4,availablePointerTypes=4 --no-sandbox --user-data-dir=/var/folders/t0/66ygccxn41b7lrvfjptp3k540000gn/T/playwright_chromiumdev_profile-lsWzej --remote-debugging-pipe --no-startup-window[22m
    [2m  - <launched> pid=96976[22m
    [2m  - [pid=96976][err] [0415/004005.592093:FATAL:base/apple/mach_port_rendezvous_mac.cc:159] Check failed: kr == KERN_SUCCESS. bootstrap_check_in org.chromium.Chromium.MachPortRendezvousServer.96976: Permission denied (1100)[22m
    [2m  - [pid=96976] <gracefully close start>[22m
    [2m  - [pid=96976] <kill>[22m
    [2m  - [pid=96976] <will force kill>[22m
    [2m  - [pid=96976] exception while trying to kill process: Error: kill EPERM[22m
    [2m  - [pid=96976] <process did exit: exitCode=null, signal=SIGTRAP>[22m
    [2m  - [pid=96976] starting temporary directories cleanup[22m
    [2m  - [pid=96976] finished temporary directories cleanup[22m
    [2m  - [pid=96976] <gracefully close end>[22m


    Error Context: test-results/core-Onboarding-Funnel-—-S-e27a4-ep-1-validates-and-advances-chromium/error-context.md

  23) [chromium] › tests/e2e/core.spec.ts:181:7 › Onboarding Funnel — SaaS Signup Flow › Register form step 2 back button returns to step 1 

    Error: browserType.launch: Target page, context or browser has been closed
    Browser logs:

    <launching> /Users/adityashrivastava/Library/Caches/ms-playwright/chromium_headless_shell-1217/chrome-headless-shell-mac-arm64/chrome-headless-shell --disable-field-trial-config --disable-background-networking --disable-background-timer-throttling --disable-backgrounding-occluded-windows --disable-back-forward-cache --disable-breakpad --disable-client-side-phishing-detection --disable-component-extensions-with-background-pages --disable-component-update --no-default-browser-check --disable-default-apps --disable-dev-shm-usage --disable-extensions --disable-features=AvoidUnnecessaryBeforeUnloadCheckSync,BoundaryEventDispatchTracksNodeRemoval,DestroyProfileOnBrowserClose,DialMediaRouteProvider,GlobalMediaControls,HttpsUpgrades,LensOverlay,MediaRouter,PaintHolding,ThirdPartyStoragePartitioning,Translate,AutoDeElevate,RenderDocument,OptimizationHints --enable-features=CDPScreenshotNewSurface --allow-pre-commit-input --disable-hang-monitor --disable-ipc-flooding-protection --disable-popup-blocking --disable-prompt-on-repost --disable-renderer-backgrounding --force-color-profile=srgb --metrics-recording-only --no-first-run --password-store=basic --use-mock-keychain --no-service-autorun --export-tagged-pdf --disable-search-engine-choice-screen --unsafely-disable-devtools-self-xss-warnings --edge-skip-compat-layer-relaunch --enable-automation --disable-infobars --disable-search-engine-choice-screen --disable-sync --enable-unsafe-swiftshader --headless --hide-scrollbars --mute-audio --blink-settings=primaryHoverType=2,availableHoverTypes=2,primaryPointerType=4,availablePointerTypes=4 --no-sandbox --user-data-dir=/var/folders/t0/66ygccxn41b7lrvfjptp3k540000gn/T/playwright_chromiumdev_profile-L9TFAS --remote-debugging-pipe --no-startup-window
    <launched> pid=96985
    [pid=96985][err] [0415/004006.214879:FATAL:base/apple/mach_port_rendezvous_mac.cc:159] Check failed: kr == KERN_SUCCESS. bootstrap_check_in org.chromium.Chromium.MachPortRendezvousServer.96985: Permission denied (1100)
    Call log:
    [2m  - <launching> /Users/adityashrivastava/Library/Caches/ms-playwright/chromium_headless_shell-1217/chrome-headless-shell-mac-arm64/chrome-headless-shell --disable-field-trial-config --disable-background-networking --disable-background-timer-throttling --disable-backgrounding-occluded-windows --disable-back-forward-cache --disable-breakpad --disable-client-side-phishing-detection --disable-component-extensions-with-background-pages --disable-component-update --no-default-browser-check --disable-default-apps --disable-dev-shm-usage --disable-extensions --disable-features=AvoidUnnecessaryBeforeUnloadCheckSync,BoundaryEventDispatchTracksNodeRemoval,DestroyProfileOnBrowserClose,DialMediaRouteProvider,GlobalMediaControls,HttpsUpgrades,LensOverlay,MediaRouter,PaintHolding,ThirdPartyStoragePartitioning,Translate,AutoDeElevate,RenderDocument,OptimizationHints --enable-features=CDPScreenshotNewSurface --allow-pre-commit-input --disable-hang-monitor --disable-ipc-flooding-protection --disable-popup-blocking --disable-prompt-on-repost --disable-renderer-backgrounding --force-color-profile=srgb --metrics-recording-only --no-first-run --password-store=basic --use-mock-keychain --no-service-autorun --export-tagged-pdf --disable-search-engine-choice-screen --unsafely-disable-devtools-self-xss-warnings --edge-skip-compat-layer-relaunch --enable-automation --disable-infobars --disable-search-engine-choice-screen --disable-sync --enable-unsafe-swiftshader --headless --hide-scrollbars --mute-audio --blink-settings=primaryHoverType=2,availableHoverTypes=2,primaryPointerType=4,availablePointerTypes=4 --no-sandbox --user-data-dir=/var/folders/t0/66ygccxn41b7lrvfjptp3k540000gn/T/playwright_chromiumdev_profile-L9TFAS --remote-debugging-pipe --no-startup-window[22m
    [2m  - <launched> pid=96985[22m
    [2m  - [pid=96985][err] [0415/004006.214879:FATAL:base/apple/mach_port_rendezvous_mac.cc:159] Check failed: kr == KERN_SUCCESS. bootstrap_check_in org.chromium.Chromium.MachPortRendezvousServer.96985: Permission denied (1100)[22m
    [2m  - [pid=96985] <gracefully close start>[22m
    [2m  - [pid=96985] <kill>[22m
    [2m  - [pid=96985] <will force kill>[22m
    [2m  - [pid=96985] exception while trying to kill process: Error: kill EPERM[22m
    [2m  - [pid=96985] <process did exit: exitCode=null, signal=SIGTRAP>[22m
    [2m  - [pid=96985] starting temporary directories cleanup[22m
    [2m  - [pid=96985] finished temporary directories cleanup[22m
    [2m  - [pid=96985] <gracefully close end>[22m


    Error Context: test-results/core-Onboarding-Funnel-—-S-88129-ck-button-returns-to-step-1-chromium/error-context.md

  23 failed
    [chromium] › tests/e2e/core.spec.ts:22:7 › Public Pages › Landing page renders the NexSchool brand 
    [chromium] › tests/e2e/core.spec.ts:27:7 › Public Pages › Pricing section is visible on the landing page 
    [chromium] › tests/e2e/core.spec.ts:32:7 › Public Pages › Login page mounts form correctly ─────
    [chromium] › tests/e2e/core.spec.ts:39:7 › Public Pages › Register page mounts with tier selector 
    [chromium] › tests/e2e/core.spec.ts:47:7 › Public Pages › Pricing CTA correctly routes to /register with tier param 
    [chromium] › tests/e2e/core.spec.ts:73:9 › Auth Guard — Unauthenticated Blocking › Unauthenticated: /dashboard → redirects to /login 
    [chromium] › tests/e2e/core.spec.ts:73:9 › Auth Guard — Unauthenticated Blocking › Unauthenticated: /dashboard/attendance → redirects to /login 
    [chromium] › tests/e2e/core.spec.ts:73:9 › Auth Guard — Unauthenticated Blocking › Unauthenticated: /dashboard/students → redirects to /login 
    [chromium] › tests/e2e/core.spec.ts:73:9 › Auth Guard — Unauthenticated Blocking › Unauthenticated: /dashboard/fees → redirects to /login 
    [chromium] › tests/e2e/core.spec.ts:73:9 › Auth Guard — Unauthenticated Blocking › Unauthenticated: /dashboard/hostel → redirects to /login 
    [chromium] › tests/e2e/core.spec.ts:73:9 › Auth Guard — Unauthenticated Blocking › Unauthenticated: /billing → redirects to /login 
    [chromium] › tests/e2e/core.spec.ts:73:9 › Auth Guard — Unauthenticated Blocking › Unauthenticated: /saas → redirects to /login 
    [chromium] › tests/e2e/core.spec.ts:90:7 › RBAC — Teacher cannot access Admin-only routes › Teacher is blocked from /saas (SaaS control plane) 
    [chromium] › tests/e2e/core.spec.ts:97:7 › RBAC — Teacher cannot access Admin-only routes › Teacher is blocked from /billing (subscription management) 
    [chromium] › tests/e2e/core.spec.ts:114:7 › Admin Dashboard — Core Module Integrity › Admin reaches dashboard after login 
    [chromium] › tests/e2e/core.spec.ts:119:7 › Admin Dashboard — Core Module Integrity › Student Management page mounts without crashing 
    [chromium] › tests/e2e/core.spec.ts:128:7 › Admin Dashboard — Core Module Integrity › Hostel Management page mounts correctly 
    [chromium] › tests/e2e/core.spec.ts:136:7 › Admin Dashboard — Core Module Integrity › Hostel tab navigation works correctly 
    [chromium] › tests/e2e/core.spec.ts:143:7 › Admin Dashboard — Core Module Integrity › Attendance page mounts without crashing 
    [chromium] › tests/e2e/core.spec.ts:148:7 › Admin Dashboard — Core Module Integrity › AI Copilot FAB button is rendered on dashboard 
    [chromium] › tests/e2e/core.spec.ts:155:7 › Admin Dashboard — Core Module Integrity › NexBot chat window toggles open on click 
    [chromium] › tests/e2e/core.spec.ts:169:7 › Onboarding Funnel — SaaS Signup Flow › Register form step 1 validates and advances 
    [chromium] › tests/e2e/core.spec.ts:181:7 › Onboarding Funnel — SaaS Signup Flow › Register form step 2 back button returns to step 1 
npm notice
npm notice New minor version of npm available! 11.6.2 -> 11.12.1
npm notice Changelog: https://github.com/npm/cli/releases/tag/v11.12.1
npm notice To update run: npm install -g npm@11.12.1
npm notice
